Archive member included to satisfy reference by file (symbol)

/opt/Atollic_TrueSTUDIO_for_STM32_x86_64_9.2.0/ARMTools/bin/../lib/gcc/arm-atollic-eabi/6.3.1/../../../../arm-atollic-eabi/lib/armv7-m/libstdc++_nano.a(del_op.o)
                              Src/Robot.o (operator delete(void*))
/opt/Atollic_TrueSTUDIO_for_STM32_x86_64_9.2.0/ARMTools/bin/../lib/gcc/arm-atollic-eabi/6.3.1/../../../../arm-atollic-eabi/lib/armv7-m/libstdc++_nano.a(new_op.o)
                              Src/Robot.o (operator new(unsigned int))
/opt/Atollic_TrueSTUDIO_for_STM32_x86_64_9.2.0/ARMTools/bin/../lib/gcc/arm-atollic-eabi/6.3.1/../../../../arm-atollic-eabi/lib/armv7-m/libstdc++_nano.a(eh_arm.o)
                              Src/Robot.o (__cxa_end_cleanup)
/opt/Atollic_TrueSTUDIO_for_STM32_x86_64_9.2.0/ARMTools/bin/../lib/gcc/arm-atollic-eabi/6.3.1/../../../../arm-atollic-eabi/lib/armv7-m/libstdc++_nano.a(eh_personality.o)
                              Src/Robot.o (__gxx_personality_v0)
/opt/Atollic_TrueSTUDIO_for_STM32_x86_64_9.2.0/ARMTools/bin/../lib/gcc/arm-atollic-eabi/6.3.1/../../../../arm-atollic-eabi/lib/armv7-m/libstdc++_nano.a(new_handler.o)
                              /opt/Atollic_TrueSTUDIO_for_STM32_x86_64_9.2.0/ARMTools/bin/../lib/gcc/arm-atollic-eabi/6.3.1/../../../../arm-atollic-eabi/lib/armv7-m/libstdc++_nano.a(new_op.o) (std::get_new_handler())
/opt/Atollic_TrueSTUDIO_for_STM32_x86_64_9.2.0/ARMTools/bin/../lib/gcc/arm-atollic-eabi/6.3.1/../../../../arm-atollic-eabi/lib/armv7-m/libstdc++_nano.a(class_type_info.o)
                              Src/Robot.o (vtable for __cxxabiv1::__class_type_info)
/opt/Atollic_TrueSTUDIO_for_STM32_x86_64_9.2.0/ARMTools/bin/../lib/gcc/arm-atollic-eabi/6.3.1/../../../../arm-atollic-eabi/lib/armv7-m/libstdc++_nano.a(tinfo.o)
                              /opt/Atollic_TrueSTUDIO_for_STM32_x86_64_9.2.0/ARMTools/bin/../lib/gcc/arm-atollic-eabi/6.3.1/../../../../arm-atollic-eabi/lib/armv7-m/libstdc++_nano.a(class_type_info.o) (std::type_info::~type_info())
/opt/Atollic_TrueSTUDIO_for_STM32_x86_64_9.2.0/ARMTools/bin/../lib/gcc/arm-atollic-eabi/6.3.1/../../../../arm-atollic-eabi/lib/armv7-m/libstdc++_nano.a(eh_exception.o)
                              /opt/Atollic_TrueSTUDIO_for_STM32_x86_64_9.2.0/ARMTools/bin/../lib/gcc/arm-atollic-eabi/6.3.1/../../../../arm-atollic-eabi/lib/armv7-m/libstdc++_nano.a(eh_arm.o) (typeinfo for __cxxabiv1::__forced_unwind)
/opt/Atollic_TrueSTUDIO_for_STM32_x86_64_9.2.0/ARMTools/bin/../lib/gcc/arm-atollic-eabi/6.3.1/../../../../arm-atollic-eabi/lib/armv7-m/libstdc++_nano.a(si_class_type_info.o)
                              /opt/Atollic_TrueSTUDIO_for_STM32_x86_64_9.2.0/ARMTools/bin/../lib/gcc/arm-atollic-eabi/6.3.1/../../../../arm-atollic-eabi/lib/armv7-m/libstdc++_nano.a(class_type_info.o) (vtable for __cxxabiv1::__si_class_type_info)
/opt/Atollic_TrueSTUDIO_for_STM32_x86_64_9.2.0/ARMTools/bin/../lib/gcc/arm-atollic-eabi/6.3.1/../../../../arm-atollic-eabi/lib/armv7-m/libstdc++_nano.a(eh_call.o)
                              /opt/Atollic_TrueSTUDIO_for_STM32_x86_64_9.2.0/ARMTools/bin/../lib/gcc/arm-atollic-eabi/6.3.1/../../../../arm-atollic-eabi/lib/armv7-m/libstdc++_nano.a(eh_personality.o) (__cxa_call_terminate)
/opt/Atollic_TrueSTUDIO_for_STM32_x86_64_9.2.0/ARMTools/bin/../lib/gcc/arm-atollic-eabi/6.3.1/../../../../arm-atollic-eabi/lib/armv7-m/libstdc++_nano.a(pure.o)
                              /opt/Atollic_TrueSTUDIO_for_STM32_x86_64_9.2.0/ARMTools/bin/../lib/gcc/arm-atollic-eabi/6.3.1/../../../../arm-atollic-eabi/lib/armv7-m/libstdc++_nano.a(eh_exception.o) (__cxa_pure_virtual)
/opt/Atollic_TrueSTUDIO_for_STM32_x86_64_9.2.0/ARMTools/bin/../lib/gcc/arm-atollic-eabi/6.3.1/../../../../arm-atollic-eabi/lib/armv7-m/libstdc++_nano.a(eh_catch.o)
                              /opt/Atollic_TrueSTUDIO_for_STM32_x86_64_9.2.0/ARMTools/bin/../lib/gcc/arm-atollic-eabi/6.3.1/../../../../arm-atollic-eabi/lib/armv7-m/libstdc++_nano.a(eh_call.o) (__cxa_begin_catch)
/opt/Atollic_TrueSTUDIO_for_STM32_x86_64_9.2.0/ARMTools/bin/../lib/gcc/arm-atollic-eabi/6.3.1/../../../../arm-atollic-eabi/lib/armv7-m/libstdc++_nano.a(eh_terminate.o)
                              /opt/Atollic_TrueSTUDIO_for_STM32_x86_64_9.2.0/ARMTools/bin/../lib/gcc/arm-atollic-eabi/6.3.1/../../../../arm-atollic-eabi/lib/armv7-m/libstdc++_nano.a(eh_call.o) (__cxxabiv1::__terminate(void (*)()))
/opt/Atollic_TrueSTUDIO_for_STM32_x86_64_9.2.0/ARMTools/bin/../lib/gcc/arm-atollic-eabi/6.3.1/../../../../arm-atollic-eabi/lib/armv7-m/libstdc++_nano.a(eh_globals.o)
                              /opt/Atollic_TrueSTUDIO_for_STM32_x86_64_9.2.0/ARMTools/bin/../lib/gcc/arm-atollic-eabi/6.3.1/../../../../arm-atollic-eabi/lib/armv7-m/libstdc++_nano.a(eh_catch.o) (__cxa_get_globals_fast)
/opt/Atollic_TrueSTUDIO_for_STM32_x86_64_9.2.0/ARMTools/bin/../lib/gcc/arm-atollic-eabi/6.3.1/../../../../arm-atollic-eabi/lib/armv7-m/libstdc++_nano.a(eh_term_handler.o)
[...]
Memory Configuration

Name             Origin             Length             Attributes
RAM              0x0000000020000000 0x0000000000005000 xrw
FLASH            0x0000000008000000 0x0000000000020000 xr
*default*        0x0000000000000000 0xffffffffffffffff

Linker script and memory map

LOAD /opt/Atollic_TrueSTUDIO_for_STM32_x86_64_9.2.0/ARMTools/bin/../lib/gcc/arm-atollic-eabi/6.3.1/armv7-m/crti.o
LOAD /opt/Atollic_TrueSTUDIO_for_STM32_x86_64_9.2.0/ARMTools/bin/../lib/gcc/arm-atollic-eabi/6.3.1/armv7-m/crtbegin.o
LOAD Drivers/STM32F1xx_HAL_Driver/Src/stm32f1xx_hal.o
LOAD Drivers/STM32F1xx_HAL_Driver/Src/stm32f1xx_hal_cortex.o
LOAD Drivers/STM32F1xx_HAL_Driver/Src/stm32f1xx_hal_dma.o
LOAD Drivers/STM32F1xx_HAL_Driver/Src/stm32f1xx_hal_flash.o
LOAD Drivers/STM32F1xx_HAL_Driver/Src/stm32f1xx_hal_flash_ex.o
LOAD Drivers/STM32F1xx_HAL_Driver/Src/stm32f1xx_hal_gpio.o
LOAD Drivers/STM32F1xx_HAL_Driver/Src/stm32f1xx_hal_gpio_ex.o
LOAD Drivers/STM32F1xx_HAL_Driver/Src/stm32f1xx_hal_pwr.o
LOAD Drivers/STM32F1xx_HAL_Driver/Src/stm32f1xx_hal_rcc.o
LOAD Drivers/STM32F1xx_HAL_Driver/Src/stm32f1xx_hal_rcc_ex.o
LOAD Drivers/STM32F1xx_HAL_Driver/Src/stm32f1xx_hal_tim.o
LOAD Drivers/STM32F1xx_HAL_Driver/Src/stm32f1xx_hal_tim_ex.o
LOAD Drivers/STM32F1xx_HAL_Driver/Src/stm32f1xx_hal_uart.o
LOAD Src/Robot.o
LOAD Src/Servo.o
LOAD Src/UARTPCCOM.o
LOAD Src/main.o
LOAD Src/stm32f1xx_hal_msp.o
LOAD Src/stm32f1xx_it.o
LOAD Src/system_stm32f1xx.o
LOAD startup/startup_stm32f103xb.o
                0x0000000000001000                malloc_getpagesize_P = 0x1000
START GROUP
LOAD /opt/Atollic_TrueSTUDIO_for_STM32_x86_64_9.2.0/ARMTools/bin/../lib/gcc/arm-atollic-eabi/6.3.1/../../../../arm-atollic-eabi/lib/armv7-m/libstdc++_nano.a
LOAD /opt/Atollic_TrueSTUDIO_for_STM32_x86_64_9.2.0/ARMTools/bin/../lib/gcc/arm-atollic-eabi/6.3.1/../../../../arm-atollic-eabi/lib/armv7-m/libsupc++_nano.a
END GROUP
LOAD /opt/Atollic_TrueSTUDIO_for_STM32_x86_64_9.2.0/ARMTools/bin/../lib/gcc/arm-atollic-eabi/6.3.1/../../../../arm-atollic-eabi/lib/armv7-m/libstdc++_nano.a
LOAD /opt/Atollic_TrueSTUDIO_for_STM32_x86_64_9.2.0/ARMTools/bin/../lib/gcc/arm-atollic-eabi/6.3.1/../../../../arm-atollic-eabi/lib/armv7-m/libm.a
LOAD /opt/Atollic_TrueSTUDIO_for_STM32_x86_64_9.2.0/ARMTools/bin/../lib/gcc/arm-atollic-eabi/6.3.1/../../../../arm-atollic-eabi/lib/armv7-m/libc_nano.a
START GROUP
LOAD /opt/Atollic_TrueSTUDIO_for_STM32_x86_64_9.2.0/ARMTools/bin/../lib/gcc/arm-atollic-eabi/6.3.1/armv7-m/libgcc.a
LOAD /opt/Atollic_TrueSTUDIO_for_STM32_x86_64_9.2.0/ARMTools/bin/../lib/gcc/arm-atollic-eabi/6.3.1/../../../../arm-atollic-eabi/lib/armv7-m/libc_nano.a
END GROUP
START GROUP
LOAD /opt/Atollic_TrueSTUDIO_for_STM32_x86_64_9.2.0/ARMTools/bin/../lib/gcc/arm-atollic-eabi/6.3.1/armv7-m/libgcc.a
LOAD /opt/Atollic_TrueSTUDIO_for_STM32_x86_64_9.2.0/ARMTools/bin/../lib/gcc/arm-atollic-eabi/6.3.1/../../../../arm-atollic-eabi/lib/armv7-m/libc_nano.a
LOAD /opt/Atollic_TrueSTUDIO_for_STM32_x86_64_9.2.0/ARMTools/bin/../lib/gcc/arm-atollic-eabi/6.3.1/../../../../arm-atollic-eabi/lib/armv7-m/libnosys.a
END GROUP
START GROUP
LOAD /opt/Atollic_TrueSTUDIO_for_STM32_x86_64_9.2.0/ARMTools/bin/../lib/gcc/arm-atollic-eabi/6.3.1/armv7-m/libgcc.a
LOAD /opt/Atollic_TrueSTUDIO_for_STM32_x86_64_9.2.0/ARMTools/bin/../lib/gcc/arm-atollic-eabi/6.3.1/../../../../arm-atollic-eabi/lib/armv7-m/libc_nano.a
LOAD /opt/Atollic_TrueSTUDIO_for_STM32_x86_64_9.2.0/ARMTools/bin/../lib/gcc/arm-atollic-eabi/6.3.1/../../../../arm-atollic-eabi/lib/armv7-m/libnosys.a
END GROUP
LOAD /opt/Atollic_TrueSTUDIO_for_STM32_x86_64_9.2.0/ARMTools/bin/../lib/gcc/arm-atollic-eabi/6.3.1/armv7-m/crtend.o
LOAD /opt/Atollic_TrueSTUDIO_for_STM32_x86_64_9.2.0/ARMTools/bin/../lib/gcc/arm-atollic-eabi/6.3.1/armv7-m/crtn.o
                0x0000000020005000                _estack = 0x20005000
                0x0000000000000200                _Min_Heap_Size = 0x200
                0x0000000000000400                _Min_Stack_Size = 0x400

.isr_vector     0x0000000008000000      0x10c
                0x0000000008000000                . = ALIGN (0x4)
 *(.isr_vector)
 .isr_vector    0x0000000008000000      0x10c startup/startup_stm32f103xb.o
                0x0000000008000000                g_pfnVectors
                0x000000000800010c                . = ALIGN (0x4)

.text           0x0000000008000110     0x46e8
                0x0000000008000110                . = ALIGN (0x4)
 *(.text)
 .text          0x0000000008000110       0x40 /opt/Atollic_TrueSTUDIO_for_STM32_x86_64_9.2.0/ARMTools/bin/../lib/gcc/arm-atollic-eabi/6.3.1/armv7-m/crtbegin.o
 .text          0x0000000008000150       0x14 /opt/Atollic_TrueSTUDIO_for_STM32_x86_64_9.2.0/ARMTools/bin/../lib/gcc/arm-atollic-eabi/6.3.1/../../../../arm-atollic-eabi/lib/armv7-m/libc_nano.a(lib_a-strcmp.o)
                0x0000000008000150                strcmp
 .text          0x0000000008000164      0x370 /opt/Atollic_TrueSTUDIO_for_STM32_x86_64_9.2.0/ARMTools/bin/../lib/gcc/arm-atollic-eabi/6.3.1/armv7-m/libgcc.a(_arm_addsubdf3.o)
                0x0000000008000164                __aeabi_drsub
                0x000000000800016c                __aeabi_dsub
                0x000000000800016c                __subdf3
                0x0000000008000170                __adddf3
                0x0000000008000170                __aeabi_dadd
                0x00000000080003e8                __aeabi_ui2d
                0x00000000080003e8                __floatunsidf
                0x0000000008000408                __floatsidf
                0x0000000008000408                __aeabi_i2d
                0x000000000800042c                __extendsfdf2
                0x000000000800042c                __aeabi_f2d
                0x0000000008000468                __aeabi_ul2d
                0x0000000008000468                __floatundidf
                0x0000000008000478                __floatdidf
                0x0000000008000478                __aeabi_l2d
 .text          0x00000000080004d4      0x424 /opt/Atollic_TrueSTUDIO_for_STM32_x86_64_9.2.0/ARMTools/bin/../lib/gcc/arm-atollic-eabi/6.3.1/armv7-m/libgcc.a(_arm_muldivdf3.o)
                0x00000000080004d4                __aeabi_dmul
                0x00000000080004d4                __muldf3
                0x0000000008000728                __aeabi_ddiv
                0x0000000008000728                __divdf3
 .text          0x00000000080008f8       0x40 /opt/Atollic_TrueSTUDIO_for_STM32_x86_64_9.2.0/ARMTools/bin/../lib/gcc/arm-atollic-eabi/6.3.1/armv7-m/libgcc.a(_arm_fixunsdfsi.o)
                0x00000000080008f8                __fixunsdfsi
                0x00000000080008f8                __aeabi_d2uiz
 .text          0x0000000008000938      0x9dc /opt/Atollic_TrueSTUDIO_for_STM32_x86_64_9.2.0/ARMTools/bin/../lib/gcc/arm-atollic-eabi/6.3.1/armv7-m/libgcc.a(unwind-arm.o)
                0x0000000008000bfc                _Unwind_GetCFA
                0x0000000008000c00                __gnu_Unwind_RaiseException
                0x0000000008000c60                __gnu_Unwind_ForcedUnwind
                0x0000000008000c74                __gnu_Unwind_Resume
                0x0000000008000cb8                __gnu_Unwind_Resume_or_Rethrow
                0x0000000008000ccc                _Unwind_Complete
                0x0000000008000cd0                _Unwind_DeleteException
                0x0000000008000cdc                _Unwind_VRS_Get
                0x0000000008000d28                _Unwind_VRS_Set
                0x0000000008000d78                __gnu_Unwind_Backtrace
                0x00000000080010bc                __aeabi_unwind_cpp_pr0
                0x00000000080010c0                __aeabi_unwind_cpp_pr1
                0x00000000080010c4                __aeabi_unwind_cpp_pr2
                0x00000000080010c8                _Unwind_VRS_Pop
 .text          0x0000000008001314      0x1ac /opt/Atollic_TrueSTUDIO_for_STM32_x86_64_9.2.0/ARMTools/bin/../lib/gcc/arm-atollic-eabi/6.3.1/armv7-m/libgcc.a(libunwind.o)
                0x0000000008001314                __restore_core_regs
                0x0000000008001314                restore_core_regs
                0x000000000800132c                __gnu_Unwind_Restore_VFP
                0x0000000008001334                __gnu_Unwind_Save_VFP
                0x000000000800133c                __gnu_Unwind_Restore_VFP_D
                0x0000000008001344                __gnu_Unwind_Save_VFP_D
                0x000000000800134c                __gnu_Unwind_Restore_VFP_D_16_to_31
                0x0000000008001354                __gnu_Unwind_Save_VFP_D_16_to_31
                0x000000000800135c                __gnu_Unwind_Restore_WMMXD
                0x00000000080013a0                __gnu_Unwind_Save_WMMXD
                0x00000000080013e4                __gnu_Unwind_Restore_WMMXC
                0x00000000080013f8                __gnu_Unwind_Save_WMMXC
                0x000000000800140c                ___Unwind_RaiseException
                0x000000000800140c                _Unwind_RaiseException
                0x0000000008001430                ___Unwind_Resume
                0x0000000008001430                _Unwind_Resume
                0x0000000008001454                _Unwind_Resume_or_Rethrow
                0x0000000008001454                ___Unwind_Resume_or_Rethrow
                0x0000000008001478                ___Unwind_ForcedUnwind
                0x0000000008001478                _Unwind_ForcedUnwind
                0x000000000800149c                _Unwind_Backtrace
                0x000000000800149c                ___Unwind_Backtrace
 .text          0x00000000080014c0      0x384 /opt/Atollic_TrueSTUDIO_for_STM32_x86_64_9.2.0/ARMTools/bin/../lib/gcc/arm-atollic-eabi/6.3.1/armv7-m/libgcc.a(pr-support.o)
                0x0000000008001518                __gnu_unwind_execute
                0x00000000080017e8                __gnu_unwind_frame
                0x0000000008001814                _Unwind_GetRegionStart
                0x0000000008001820                _Unwind_GetLanguageSpecificData
                0x0000000008001834                _Unwind_GetTextRelBase
                0x000000000800183c                _Unwind_GetDataRelBase
 *(.text*)
 .text.HAL_InitTick
                0x0000000008001844       0x48 Drivers/STM32F1xx_HAL_Driver/Src/stm32f1xx_hal.o
                0x0000000008001844                HAL_InitTick
 .text.HAL_Init
                0x000000000800188c       0x24 Drivers/STM32F1xx_HAL_Driver/Src/stm32f1xx_hal.o
                0x000000000800188c                HAL_Init
 .text.HAL_IncTick
                0x00000000080018b0       0x18 Drivers/STM32F1xx_HAL_Driver/Src/stm32f1xx_hal.o
                0x00000000080018b0                HAL_IncTick
 .text.HAL_GetTick
                0x00000000080018c8        0xc Drivers/STM32F1xx_HAL_Driver/Src/stm32f1xx_hal.o
                0x00000000080018c8                HAL_GetTick
 .text.HAL_NVIC_SetPriorityGrouping
                0x00000000080018d4       0x24 Drivers/STM32F1xx_HAL_Driver/Src/stm32f1xx_hal_cortex.o
                0x00000000080018d4                HAL_NVIC_SetPriorityGrouping
 .text.HAL_NVIC_SetPriority
                0x00000000080018f8       0x68 Drivers/STM32F1xx_HAL_Driver/Src/stm32f1xx_hal_cortex.o
                0x00000000080018f8                HAL_NVIC_SetPriority
 .text.HAL_NVIC_EnableIRQ
                0x0000000008001960       0x18 Drivers/STM32F1xx_HAL_Driver/Src/stm32f1xx_hal_cortex.o
                0x0000000008001960                HAL_NVIC_EnableIRQ
 .text.HAL_SYSTICK_Config
                0x0000000008001978       0x2c Drivers/STM32F1xx_HAL_Driver/Src/stm32f1xx_hal_cortex.o
                0x0000000008001978                HAL_SYSTICK_Config
 .text.HAL_SYSTICK_CLKSourceConfig
                0x00000000080019a4       0x18 Drivers/STM32F1xx_HAL_Driver/Src/stm32f1xx_hal_cortex.o
                0x00000000080019a4                HAL_SYSTICK_CLKSourceConfig
 .text.HAL_SYSTICK_Callback
                0x00000000080019bc        0x2 Drivers/STM32F1xx_HAL_Driver/Src/stm32f1xx_hal_cortex.o
                0x00000000080019bc                HAL_SYSTICK_Callback
 .text.HAL_SYSTICK_IRQHandler
                0x00000000080019be        0x8 Drivers/STM32F1xx_HAL_Driver/Src/stm32f1xx_hal_cortex.o
                0x00000000080019be                HAL_SYSTICK_IRQHandler
 *fill*         0x00000000080019c6        0x2 
 .text.HAL_DMA_Init
                0x00000000080019c8       0x68 Drivers/STM32F1xx_HAL_Driver/Src/stm32f1xx_hal_dma.o
                0x00000000080019c8                HAL_DMA_Init
 .text.HAL_DMA_Start_IT
                0x0000000008001a30       0x7a Drivers/STM32F1xx_HAL_Driver/Src/stm32f1xx_hal_dma.o
                0x0000000008001a30                HAL_DMA_Start_IT
 *fill*         0x0000000008001aaa        0x2 
 .text.HAL_DMA_Abort_IT
                0x0000000008001aac       0x90 Drivers/STM32F1xx_HAL_Driver/Src/stm32f1xx_hal_dma.o
                0x0000000008001aac                HAL_DMA_Abort_IT
 .text.HAL_DMA_IRQHandler
                0x0000000008001b3c      0x128 Drivers/STM32F1xx_HAL_Driver/Src/stm32f1xx_hal_dma.o
                0x0000000008001b3c                HAL_DMA_IRQHandler
 .text.HAL_GPIO_Init
                0x0000000008001c64      0x1c0 Drivers/STM32F1xx_HAL_Driver/Src/stm32f1xx_hal_gpio.o
                0x0000000008001c64                HAL_GPIO_Init
 .text.HAL_GPIO_WritePin
                0x0000000008001e24        0xa Drivers/STM32F1xx_HAL_Driver/Src/stm32f1xx_hal_gpio.o
                0x0000000008001e24                HAL_GPIO_WritePin
 .text.HAL_GPIO_TogglePin
                0x0000000008001e2e        0x8 Drivers/STM32F1xx_HAL_Driver/Src/stm32f1xx_hal_gpio.o
                0x0000000008001e2e                HAL_GPIO_TogglePin
 *fill*         0x0000000008001e36        0x2 
 .text.HAL_GPIO_EXTI_IRQHandler
                0x0000000008001e38       0x18 Drivers/STM32F1xx_HAL_Driver/Src/stm32f1xx_hal_gpio.o
                0x0000000008001e38                HAL_GPIO_EXTI_IRQHandler
 .text.HAL_RCC_OscConfig
                0x0000000008001e50      0x318 Drivers/STM32F1xx_HAL_Driver/Src/stm32f1xx_hal_rcc.o
                0x0000000008001e50                HAL_RCC_OscConfig
 .text.HAL_RCC_GetSysClockFreq
                0x0000000008002168       0x78 Drivers/STM32F1xx_HAL_Driver/Src/stm32f1xx_hal_rcc.o
                0x0000000008002168                HAL_RCC_GetSysClockFreq
 .text.HAL_RCC_ClockConfig
                0x00000000080021e0      0x148 Drivers/STM32F1xx_HAL_Driver/Src/stm32f1xx_hal_rcc.o
                0x00000000080021e0                HAL_RCC_ClockConfig
 .text.HAL_RCC_GetHCLKFreq
                0x0000000008002328        0xc Drivers/STM32F1xx_HAL_Driver/Src/stm32f1xx_hal_rcc.o
                0x0000000008002328                HAL_RCC_GetHCLKFreq
 .text.HAL_RCC_GetPCLK1Freq
                0x0000000008002334       0x20 Drivers/STM32F1xx_HAL_Driver/Src/stm32f1xx_hal_rcc.o
                0x0000000008002334                HAL_RCC_GetPCLK1Freq
 .text.HAL_RCC_GetPCLK2Freq
                0x0000000008002354       0x20 Drivers/STM32F1xx_HAL_Driver/Src/stm32f1xx_hal_rcc.o
                0x0000000008002354                HAL_RCC_GetPCLK2Freq
 .text.TIM_OC1_SetConfig
                0x0000000008002374       0x50 Drivers/STM32F1xx_HAL_Driver/Src/stm32f1xx_hal_tim.o
 .text.TIM_OC3_SetConfig
                0x00000000080023c4       0x54 Drivers/STM32F1xx_HAL_Driver/Src/stm32f1xx_hal_tim.o
 .text.TIM_OC4_SetConfig
                0x0000000008002418       0x44 Drivers/STM32F1xx_HAL_Driver/Src/stm32f1xx_hal_tim.o
 .text.HAL_TIM_PWM_MspInit
                0x000000000800245c        0x2 Drivers/STM32F1xx_HAL_Driver/Src/stm32f1xx_hal_tim.o
                0x000000000800245c                HAL_TIM_PWM_MspInit
 .text.HAL_TIM_ConfigClockSource
                0x000000000800245e      0x172 Drivers/STM32F1xx_HAL_Driver/Src/stm32f1xx_hal_tim.o
                0x000000000800245e                HAL_TIM_ConfigClockSource
 .text.TIM_Base_SetConfig
                0x00000000080025d0       0x70 Drivers/STM32F1xx_HAL_Driver/Src/stm32f1xx_hal_tim.o
                0x00000000080025d0                TIM_Base_SetConfig
 .text.HAL_TIM_Base_Init
                0x0000000008002640       0x34 Drivers/STM32F1xx_HAL_Driver/Src/stm32f1xx_hal_tim.o
                0x0000000008002640                HAL_TIM_Base_Init
 .text.HAL_TIM_PWM_Init
                0x0000000008002674       0x34 Drivers/STM32F1xx_HAL_Driver/Src/stm32f1xx_hal_tim.o
                0x0000000008002674                HAL_TIM_PWM_Init
 .text.TIM_OC2_SetConfig
                0x00000000080026a8       0x58 Drivers/STM32F1xx_HAL_Driver/Src/stm32f1xx_hal_tim.o
                0x00000000080026a8                TIM_OC2_SetConfig
 .text.HAL_TIM_PWM_ConfigChannel
                0x0000000008002700       0xc4 Drivers/STM32F1xx_HAL_Driver/Src/stm32f1xx_hal_tim.o
                0x0000000008002700                HAL_TIM_PWM_ConfigChannel
 .text.TIM_CCxChannelCmd
                0x00000000080027c4       0x18 Drivers/STM32F1xx_HAL_Driver/Src/stm32f1xx_hal_tim.o
                0x00000000080027c4                TIM_CCxChannelCmd
 .text.HAL_TIM_PWM_Start
                0x00000000080027dc       0x2c Drivers/STM32F1xx_HAL_Driver/Src/stm32f1xx_hal_tim.o
                0x00000000080027dc                HAL_TIM_PWM_Start
 .text.HAL_TIMEx_MasterConfigSynchronization
                0x0000000008002808       0x44 Drivers/STM32F1xx_HAL_Driver/Src/stm32f1xx_hal_tim_ex.o
                0x0000000008002808                HAL_TIMEx_MasterConfigSynchronization
 .text.UART_EndRxTransfer
                0x000000000800284c       0x1a Drivers/STM32F1xx_HAL_Driver/Src/stm32f1xx_hal_uart.o
 *fill*         0x0000000008002866        0x2 
 .text.UART_SetConfig
                0x0000000008002868      0x13c Drivers/STM32F1xx_HAL_Driver/Src/stm32f1xx_hal_uart.o
 .text.HAL_UART_Init
                0x00000000080029a4       0x5c Drivers/STM32F1xx_HAL_Driver/Src/stm32f1xx_hal_uart.o
                0x00000000080029a4                HAL_UART_Init
 .text.HAL_UART_Transmit_DMA
                0x0000000008002a00       0x74 Drivers/STM32F1xx_HAL_Driver/Src/stm32f1xx_hal_uart.o
                0x0000000008002a00                HAL_UART_Transmit_DMA
 .text.HAL_UART_Receive_DMA
                0x0000000008002a74       0x90 Drivers/STM32F1xx_HAL_Driver/Src/stm32f1xx_hal_uart.o
                0x0000000008002a74                HAL_UART_Receive_DMA
 .text.HAL_UART_TxCpltCallback
                0x0000000008002b04        0x2 Drivers/STM32F1xx_HAL_Driver/Src/stm32f1xx_hal_uart.o
                0x0000000008002b04                HAL_UART_TxCpltCallback
 .text.UART_DMATransmitCplt
                0x0000000008002b06       0x2c Drivers/STM32F1xx_HAL_Driver/Src/stm32f1xx_hal_uart.o
 .text.HAL_UART_TxHalfCpltCallback
                0x0000000008002b32        0x2 Drivers/STM32F1xx_HAL_Driver/Src/stm32f1xx_hal_uart.o
                0x0000000008002b32                HAL_UART_TxHalfCpltCallback
 .text.UART_DMATxHalfCplt
                0x0000000008002b34        0xa Drivers/STM32F1xx_HAL_Driver/Src/stm32f1xx_hal_uart.o
 .text.UART_DMAReceiveCplt
                0x0000000008002b3e       0x38 Drivers/STM32F1xx_HAL_Driver/Src/stm32f1xx_hal_uart.o
 .text.UART_Receive_IT
                0x0000000008002b76       0x7c Drivers/STM32F1xx_HAL_Driver/Src/stm32f1xx_hal_uart.o
 .text.HAL_UART_RxHalfCpltCallback
                0x0000000008002bf2        0x2 Drivers/STM32F1xx_HAL_Driver/Src/stm32f1xx_hal_uart.o
                0x0000000008002bf2                HAL_UART_RxHalfCpltCallback
 .text.UART_DMARxHalfCplt
                0x0000000008002bf4        0xa Drivers/STM32F1xx_HAL_Driver/Src/stm32f1xx_hal_uart.o
 .text.HAL_UART_ErrorCallback
                0x0000000008002bfe        0x2 Drivers/STM32F1xx_HAL_Driver/Src/stm32f1xx_hal_uart.o
                0x0000000008002bfe                HAL_UART_ErrorCallback
 .text.UART_DMAError
                0x0000000008002c00       0x4e Drivers/STM32F1xx_HAL_Driver/Src/stm32f1xx_hal_uart.o
 *fill*         0x0000000008002c4e        0x2 
 .text.HAL_UART_IRQHandler
                0x0000000008002c50      0x140 Drivers/STM32F1xx_HAL_Driver/Src/stm32f1xx_hal_uart.o
                0x0000000008002c50                HAL_UART_IRQHandler
 .text.UART_DMAAbortOnError
                0x0000000008002d90       0x10 Drivers/STM32F1xx_HAL_Driver/Src/stm32f1xx_hal_uart.o
 .text._ZN5Robot4initEPVmS1_S1_S1_
                0x0000000008002da0       0x96 Src/Robot.o
                0x0000000008002da0                Robot::init(unsigned long volatile*, unsigned long volatile*, unsigned long volatile*, unsigned long volatile*)
 *fill*         0x0000000008002e36        0x2 
 .text._ZN5RobotC2EPVmS1_S1_S1_
                0x0000000008002e38       0x34 Src/Robot.o
                0x0000000008002e38                Robot::Robot(unsigned long volatile*, unsigned long volatile*, unsigned long volatile*, unsigned long volatile*)
                0x0000000008002e38                Robot::Robot(unsigned long volatile*, unsigned long volatile*, unsigned long volatile*, unsigned long volatile*)
 .text._ZN5RobotD2Ev
                0x0000000008002e6c       0x20 Src/Robot.o
                0x0000000008002e6c                Robot::~Robot()
                0x0000000008002e6c                Robot::~Robot()
 .text._ZN5RobotD0Ev
                0x0000000008002e8c       0x1e Src/Robot.o
                0x0000000008002e8c                Robot::~Robot()
 .text._ZN5Robot11updatedDataEP11dataFrameRX
                0x0000000008002eaa       0x1e Src/Robot.o
                0x0000000008002eaa                Robot::updatedData(dataFrameRX*)
 .text._ZN5Robot22setServoFromDataBufferEPt
                0x0000000008002ec8       0x40 Src/Robot.o
                0x0000000008002ec8                Robot::setServoFromDataBuffer(unsigned short*)
 .text._ZN5ServoC2EPVm
                0x0000000008002f08       0x34 Src/Servo.o
                0x0000000008002f08                Servo::Servo(unsigned long volatile*)
                0x0000000008002f08                Servo::Servo(unsigned long volatile*)
 .text._ZN5Servo8setPulseEt
                0x0000000008002f3c       0x3e Src/Servo.o
                0x0000000008002f3c                Servo::setPulse(unsigned short)
 *fill*         0x0000000008002f7a        0x6 
 .text._ZN5Servo8setAngleEh
                0x0000000008002f80       0x98 Src/Servo.o
                0x0000000008002f80                Servo::setAngle(unsigned char)
 .text._ZN5ServoD2Ev
                0x0000000008003018       0x20 Src/Servo.o
                0x0000000008003018                Servo::~Servo()
                0x0000000008003018                Servo::~Servo()
 .text._ZN5ServoD0Ev
                0x0000000008003038       0x1e Src/Servo.o
                0x0000000008003038                Servo::~Servo()
 .text._ZN11UART_PC_COM4initEP18UART_HandleTypeDefP5Robot
                0x0000000008003056       0x2e Src/UARTPCCOM.o
                0x0000000008003056                UART_PC_COM::init(UART_HandleTypeDef*, Robot*)
 .text._ZN11UART_PC_COMC2EP18UART_HandleTypeDefP5Robot
                0x0000000008003084       0x2c Src/UARTPCCOM.o
                0x0000000008003084                UART_PC_COM::UART_PC_COM(UART_HandleTypeDef*, Robot*)
                0x0000000008003084                UART_PC_COM::UART_PC_COM(UART_HandleTypeDef*, Robot*)
 .text._ZN11UART_PC_COMD2Ev
                0x00000000080030b0       0x20 Src/UARTPCCOM.o
                0x00000000080030b0                UART_PC_COM::~UART_PC_COM()
                0x00000000080030b0                UART_PC_COM::~UART_PC_COM()
 .text._ZN11UART_PC_COMD0Ev
                0x00000000080030d0       0x1e Src/UARTPCCOM.o
                0x00000000080030d0                UART_PC_COM::~UART_PC_COM()
 .text._ZN11UART_PC_COM8sendDataEv
                0x00000000080030ee       0x20 Src/UARTPCCOM.o
                0x00000000080030ee                UART_PC_COM::sendData()
 *fill*         0x000000000800310e        0x2 
 .text._ZN11UART_PC_COM15recieveNextDataEv
                0x0000000008003110       0xd0 Src/UARTPCCOM.o
                0x0000000008003110                UART_PC_COM::recieveNextData()
 .text._ZN11UART_PC_COM15getRecievedDataEv
                0x00000000080031e0       0x16 Src/UARTPCCOM.o
                0x00000000080031e0                UART_PC_COM::getRecievedData()
 *fill*         0x00000000080031f6        0x2 
 .text.HAL_UART_RxCpltCallback
                0x00000000080031f8       0x20 Src/main.o
                0x00000000080031f8                HAL_UART_RxCpltCallback
 .text.HAL_GPIO_EXTI_Callback
                0x0000000008003218       0x20 Src/main.o
                0x0000000008003218                HAL_GPIO_EXTI_Callback
 .text.main     0x0000000008003238       0xb4 Src/main.o
                0x0000000008003238                main
 .text._Z18SystemClock_Configv
                0x00000000080032ec       0xb0 Src/main.o
                0x00000000080032ec                SystemClock_Config()
 .text._ZL12MX_TIM4_Initv
                0x000000000800339c      0x188 Src/main.o
 .text._ZL19MX_USART2_UART_Initv
                0x0000000008003524       0x68 Src/main.o
 .text._ZL19MX_USART3_UART_Initv
                0x000000000800358c       0x68 Src/main.o
 .text._ZL11MX_DMA_Initv
                0x00000000080035f4       0x6c Src/main.o
 .text._ZL12MX_GPIO_Initv
                0x0000000008003660       0xd0 Src/main.o
 .text._Error_Handler
                0x0000000008003730        0xc Src/main.o
                0x0000000008003730                _Error_Handler
 .text.HAL_MspInit
                0x000000000800373c       0xa0 Src/stm32f1xx_hal_msp.o
                0x000000000800373c                HAL_MspInit
 .text.HAL_TIM_Base_MspInit
                0x00000000080037dc       0x28 Src/stm32f1xx_hal_msp.o
                0x00000000080037dc                HAL_TIM_Base_MspInit
 .text.HAL_TIM_MspPostInit
                0x0000000008003804       0x30 Src/stm32f1xx_hal_msp.o
                0x0000000008003804                HAL_TIM_MspPostInit
 .text.HAL_UART_MspInit
                0x0000000008003834      0x1a0 Src/stm32f1xx_hal_msp.o
                0x0000000008003834                HAL_UART_MspInit
 .text.SysTick_Handler
                0x00000000080039d4        0xe Src/stm32f1xx_it.o
                0x00000000080039d4                SysTick_Handler
 *fill*         0x00000000080039e2        0x2 
 .text.DMA1_Channel2_IRQHandler
                0x00000000080039e4        0xc Src/stm32f1xx_it.o
                0x00000000080039e4                DMA1_Channel2_IRQHandler
 .text.DMA1_Channel3_IRQHandler
                0x00000000080039f0        0xc Src/stm32f1xx_it.o
                0x00000000080039f0                DMA1_Channel3_IRQHandler
 .text.DMA1_Channel6_IRQHandler
                0x00000000080039fc        0xc Src/stm32f1xx_it.o
                0x00000000080039fc                DMA1_Channel6_IRQHandler
 .text.DMA1_Channel7_IRQHandler
                0x0000000008003a08        0xc Src/stm32f1xx_it.o
                0x0000000008003a08                DMA1_Channel7_IRQHandler
 .text.USART2_IRQHandler
                0x0000000008003a14        0xc Src/stm32f1xx_it.o
                0x0000000008003a14                USART2_IRQHandler
 .text.USART3_IRQHandler
                0x0000000008003a20        0xc Src/stm32f1xx_it.o
                0x0000000008003a20                USART3_IRQHandler
 .text.EXTI15_10_IRQHandler
                0x0000000008003a2c        0x8 Src/stm32f1xx_it.o
                0x0000000008003a2c                EXTI15_10_IRQHandler
 .text.SystemInit
                0x0000000008003a34       0x4c Src/system_stm32f1xx.o
                0x0000000008003a34                SystemInit
 .text.Reset_Handler
                0x0000000008003a80       0x48 startup/startup_stm32f103xb.o
                0x0000000008003a80                Reset_Handler
 .text.Default_Handler
                0x0000000008003ac8        0x2 startup/startup_stm32f103xb.o
                0x0000000008003ac8                RTC_Alarm_IRQHandler
                0x0000000008003ac8                EXTI2_IRQHandler
                0x0000000008003ac8                DebugMon_Handler
                0x0000000008003ac8                TIM1_CC_IRQHandler
                0x0000000008003ac8                HardFault_Handler
                0x0000000008003ac8                PVD_IRQHandler
                0x0000000008003ac8                PendSV_Handler
                0x0000000008003ac8                NMI_Handler
                0x0000000008003ac8                EXTI3_IRQHandler
                0x0000000008003ac8                EXTI0_IRQHandler
                0x0000000008003ac8                I2C2_EV_IRQHandler
                0x0000000008003ac8                UsageFault_Handler
                0x0000000008003ac8                ADC1_2_IRQHandler
                0x0000000008003ac8                SPI1_IRQHandler
                0x0000000008003ac8                TAMPER_IRQHandler
                0x0000000008003ac8                DMA1_Channel4_IRQHandler
                0x0000000008003ac8                RTC_IRQHandler
                0x0000000008003ac8                CAN1_RX1_IRQHandler
                0x0000000008003ac8                TIM4_IRQHandler
                0x0000000008003ac8                I2C1_EV_IRQHandler
                0x0000000008003ac8                TIM3_IRQHandler
                0x0000000008003ac8                RCC_IRQHandler
                0x0000000008003ac8                TIM1_TRG_COM_IRQHandler
                0x0000000008003ac8                DMA1_Channel1_IRQHandler
                0x0000000008003ac8                Default_Handler
                0x0000000008003ac8                EXTI9_5_IRQHandler
                0x0000000008003ac8                SPI2_IRQHandler
                0x0000000008003ac8                MemManage_Handler
                0x0000000008003ac8                SVC_Handler
                0x0000000008003ac8                DMA1_Channel5_IRQHandler
                0x0000000008003ac8                EXTI4_IRQHandler
                0x0000000008003ac8                USB_LP_CAN1_RX0_IRQHandler
                0x0000000008003ac8                USB_HP_CAN1_TX_IRQHandler
                0x0000000008003ac8                TIM1_UP_IRQHandler
                0x0000000008003ac8                WWDG_IRQHandler
                0x0000000008003ac8                TIM2_IRQHandler
                0x0000000008003ac8                TIM1_BRK_IRQHandler
                0x0000000008003ac8                EXTI1_IRQHandler
                0x0000000008003ac8                I2C2_ER_IRQHandler
                0x0000000008003ac8                CAN1_SCE_IRQHandler
                0x0000000008003ac8                FLASH_IRQHandler
                0x0000000008003ac8                BusFault_Handler
                0x0000000008003ac8                USART1_IRQHandler
                0x0000000008003ac8                I2C1_ER_IRQHandler
                0x0000000008003ac8                USBWakeUp_IRQHandler
 .text._ZdlPv   0x0000000008003aca        0x4 /opt/Atollic_TrueSTUDIO_for_STM32_x86_64_9.2.0/ARMTools/bin/../lib/gcc/arm-atollic-eabi/6.3.1/../../../../arm-atollic-eabi/lib/armv7-m/libstdc++_nano.a(del_op.o)
                0x0000000008003aca                operator delete(void*)
 .text._Znwj    0x0000000008003ace       0x22 /opt/Atollic_TrueSTUDIO_for_STM32_x86_64_9.2.0/ARMTools/bin/../lib/gcc/arm-atollic-eabi/6.3.1/../../../../arm-atollic-eabi/lib/armv7-m/libstdc++_nano.a(new_op.o)
                0x0000000008003ace                operator new(unsigned int)
 .text.__cxa_end_cleanup
                0x0000000008003af0        0xc /opt/Atollic_TrueSTUDIO_for_STM32_x86_64_9.2.0/ARMTools/bin/../lib/gcc/arm-atollic-eabi/6.3.1/../../../../arm-atollic-eabi/lib/armv7-m/libstdc++_nano.a(eh_arm.o)
                0x0000000008003af0                __cxa_end_cleanup
 .text._ZN10__cxxabiv1L24__is_gxx_exception_classEPc
                0x0000000008003afc       0x3a /opt/Atollic_TrueSTUDIO_for_STM32_x86_64_9.2.0/ARMTools/bin/../lib/gcc/arm-atollic-eabi/6.3.1/../../../../arm-atollic-eabi/lib/armv7-m/libstdc++_nano.a(eh_arm.o)
 *fill*         0x0000000008003b36        0x2 
 .text.__cxa_type_match
                0x0000000008003b38       0xbc /opt/Atollic_TrueSTUDIO_for_STM32_x86_64_9.2.0/ARMTools/bin/../lib/gcc/arm-atollic-eabi/6.3.1/../../../../arm-atollic-eabi/lib/armv7-m/libstdc++_nano.a(eh_arm.o)
                0x0000000008003b38                __cxa_type_match
 .text.__cxa_begin_cleanup
                0x0000000008003bf4       0x3a /opt/Atollic_TrueSTUDIO_for_STM32_x86_64_9.2.0/ARMTools/bin/../lib/gcc/arm-atollic-eabi/6.3.1/../../../../arm-atollic-eabi/lib/armv7-m/libstdc++_nano.a(eh_arm.o)
                0x0000000008003bf4                __cxa_begin_cleanup
 .text.__gnu_end_cleanup
                0x0000000008003c2e       0x32 /opt/Atollic_TrueSTUDIO_for_STM32_x86_64_9.2.0/ARMTools/bin/../lib/gcc/arm-atollic-eabi/6.3.1/../../../../arm-atollic-eabi/lib/armv7-m/libstdc++_nano.a(eh_arm.o)
                0x0000000008003c2e                __gnu_end_cleanup
 .text._ZL12read_uleb128PKhPm
                0x0000000008003c60       0x22 /opt/Atollic_TrueSTUDIO_for_STM32_x86_64_9.2.0/ARMTools/bin/../lib/gcc/arm-atollic-eabi/6.3.1/../../../../arm-atollic-eabi/lib/armv7-m/libstdc++_nano.a(eh_personality.o)
 .text._ZL12read_sleb128PKhPl
                0x0000000008003c82       0x30 /opt/Atollic_TrueSTUDIO_for_STM32_x86_64_9.2.0/ARMTools/bin/../lib/gcc/arm-atollic-eabi/6.3.1/../../../../arm-atollic-eabi/lib/armv7-m/libstdc++_nano.a(eh_personality.o)
 .text._ZL28read_encoded_value_with_basehjPKhPj
                0x0000000008003cb2       0x88 /opt/Atollic_TrueSTUDIO_for_STM32_x86_64_9.2.0/ARMTools/bin/../lib/gcc/arm-atollic-eabi/6.3.1/../../../../arm-atollic-eabi/lib/armv7-m/libstdc++_nano.a(eh_personality.o)
 .text._ZL21base_of_encoded_valuehP15_Unwind_Context
                0x0000000008003d3a       0x46 /opt/Atollic_TrueSTUDIO_for_STM32_x86_64_9.2.0/ARMTools/bin/../lib/gcc/arm-atollic-eabi/6.3.1/../../../../arm-atollic-eabi/lib/armv7-m/libstdc++_nano.a(eh_personality.o)
 .text._ZL18read_encoded_valueP15_Unwind_ContexthPKhPj
                0x0000000008003d80       0x20 /opt/Atollic_TrueSTUDIO_for_STM32_x86_64_9.2.0/ARMTools/bin/../lib/gcc/arm-atollic-eabi/6.3.1/../../../../arm-atollic-eabi/lib/armv7-m/libstdc++_nano.a(eh_personality.o)
 .text._ZL17parse_lsda_headerP15_Unwind_ContextPKhP16lsda_header_info
                0x0000000008003da0       0x5c /opt/Atollic_TrueSTUDIO_for_STM32_x86_64_9.2.0/ARMTools/bin/../lib/gcc/arm-atollic-eabi/6.3.1/../../../../arm-atollic-eabi/lib/armv7-m/libstdc++_nano.a(eh_personality.o)
 .text._Unwind_GetGR
                0x0000000008003dfc       0x18 /opt/Atollic_TrueSTUDIO_for_STM32_x86_64_9.2.0/ARMTools/bin/../lib/gcc/arm-atollic-eabi/6.3.1/../../../../arm-atollic-eabi/lib/armv7-m/libstdc++_nano.a(eh_personality.o)
 .text.__gxx_personality_v0
                0x0000000008003e14      0x370 /opt/Atollic_TrueSTUDIO_for_STM32_x86_64_9.2.0/ARMTools/bin/../lib/gcc/arm-atollic-eabi/6.3.1/../../../../arm-atollic-eabi/lib/armv7-m/libstdc++_nano.a(eh_personality.o)
                0x0000000008003e14                __gxx_personality_v0
 .text._ZSt15get_new_handlerv
                0x0000000008004184       0x10 /opt/Atollic_TrueSTUDIO_for_STM32_x86_64_9.2.0/ARMTools/bin/../lib/gcc/arm-atollic-eabi/6.3.1/../../../../arm-atollic-eabi/lib/armv7-m/libstdc++_nano.a(new_handler.o)
                0x0000000008004184                std::get_new_handler()
 .text._ZNK10__cxxabiv117__class_type_info11__do_upcastEPKS0_PPv
                0x0000000008004194       0x34 /opt/Atollic_TrueSTUDIO_for_STM32_x86_64_9.2.0/ARMTools/bin/../lib/gcc/arm-atollic-eabi/6.3.1/../../../../arm-atollic-eabi/lib/armv7-m/libstdc++_nano.a(class_type_info.o)
                0x0000000008004194                __cxxabiv1::__class_type_info::__do_upcast(__cxxabiv1::__class_type_info const*, void**) const
 .text._ZNK10__cxxabiv117__class_type_info20__do_find_public_srcEiPKvPKS0_S2_
                0x00000000080041c8        0xc /opt/Atollic_TrueSTUDIO_for_STM32_x86_64_9.2.0/ARMTools/bin/../lib/gcc/arm-atollic-eabi/6.3.1/../../../../arm-atollic-eabi/lib/armv7-m/libstdc++_nano.a(class_type_info.o)
                0x00000000080041c8                __cxxabiv1::__class_type_info::__do_find_public_src(int, void const*, __cxxabiv1::__class_type_info const*, void const*) const
 .text._ZN10__cxxabiv117__class_type_infoD2Ev
                0x00000000080041d4       0x14 /opt/Atollic_TrueSTUDIO_for_STM32_x86_64_9.2.0/ARMTools/bin/../lib/gcc/arm-atollic-eabi/6.3.1/../../../../arm-atollic-eabi/lib/armv7-m/libstdc++_nano.a(class_type_info.o)
                0x00000000080041d4                __cxxabiv1::__class_type_info::~__class_type_info()
                0x00000000080041d4                __cxxabiv1::__class_type_info::~__class_type_info()
 .text._ZN10__cxxabiv117__class_type_infoD0Ev
                0x00000000080041e8       0x14 /opt/Atollic_TrueSTUDIO_for_STM32_x86_64_9.2.0/ARMTools/bin/../lib/gcc/arm-atollic-eabi/6.3.1/../../../../arm-atollic-eabi/lib/armv7-m/libstdc++_nano.a(class_type_info.o)
                0x00000000080041e8                __cxxabiv1::__class_type_info::~__class_type_info()
 .text._ZNK10__cxxabiv117__class_type_info11__do_upcastEPKS0_PKvRNS0_15__upcast_resultE
                0x00000000080041fc       0x18 /opt/Atollic_TrueSTUDIO_for_STM32_x86_64_9.2.0/ARMTools/bin/../lib/gcc/arm-atollic-eabi/6.3.1/../../../../arm-atollic-eabi/lib/armv7-m/libstdc++_nano.a(class_type_info.o)
                0x00000000080041fc                __cxxabiv1::__class_type_info::__do_upcast(__cxxabiv1::__class_type_info const*, void const*, __cxxabiv1::__class_type_info::__upcast_result&) const
 .text._ZNK10__cxxabiv117__class_type_info10__do_catchEPKSt9type_infoPPvj
                0x0000000008004214       0x2a /opt/Atollic_TrueSTUDIO_for_STM32_x86_64_9.2.0/ARMTools/bin/../lib/gcc/arm-atollic-eabi/6.3.1/../../../../arm-atollic-eabi/lib/armv7-m/libstdc++_nano.a(class_type_info.o)
                0x0000000008004214                __cxxabiv1::__class_type_info::__do_catch(std::type_info const*, void**, unsigned int) const
 .text._ZNK10__cxxabiv117__class_type_info12__do_dyncastEiNS0_10__sub_kindEPKS0_PKvS3_S5_RNS0_16__dyncast_resultE
                0x000000000800423e       0x38 /opt/Atollic_TrueSTUDIO_for_STM32_x86_64_9.2.0/ARMTools/bin/../lib/gcc/arm-atollic-eabi/6.3.1/../../../../arm-atollic-eabi/lib/armv7-m/libstdc++_nano.a(class_type_info.o)
                0x000000000800423e                __cxxabiv1::__class_type_info::__do_dyncast(int, __cxxabiv1::__class_type_info::__sub_kind, __cxxabiv1::__class_type_info const*, void const*, __cxxabiv1::__class_type_info const*, void const*, __cxxabiv1::__class_type_info::__dyncast_result&) const
 .text._ZNSt9type_infoD2Ev
                0x0000000008004276        0x2 /opt/Atollic_TrueSTUDIO_for_STM32_x86_64_9.2.0/ARMTools/bin/../lib/gcc/arm-atollic-eabi/6.3.1/../../../../arm-atollic-eabi/lib/armv7-m/libstdc++_nano.a(tinfo.o)
                0x0000000008004276                std::type_info::~type_info()
                0x0000000008004276                std::type_info::~type_info()
 .text._ZNKSt9type_info15__is_function_pEv
                0x0000000008004278        0x4 /opt/Atollic_TrueSTUDIO_for_STM32_x86_64_9.2.0/ARMTools/bin/../lib/gcc/arm-atollic-eabi/6.3.1/../../../../arm-atollic-eabi/lib/armv7-m/libstdc++_nano.a(tinfo.o)
                0x0000000008004278                std::type_info::__is_function_p() const
                0x0000000008004278                std::type_info::__is_pointer_p() const
 .text._ZNKSt9type_infoeqERKS_
                0x000000000800427c       0x2c /opt/Atollic_TrueSTUDIO_for_STM32_x86_64_9.2.0/ARMTools/bin/../lib/gcc/arm-atollic-eabi/6.3.1/../../../../arm-atollic-eabi/lib/armv7-m/libstdc++_nano.a(tinfo.o)
                0x000000000800427c                std::type_info::operator==(std::type_info const&) const
 .text._ZN10__cxxabiv120__si_class_type_infoD2Ev
                0x00000000080042a8       0x14 /opt/Atollic_TrueSTUDIO_for_STM32_x86_64_9.2.0/ARMTools/bin/../lib/gcc/arm-atollic-eabi/6.3.1/../../../../arm-atollic-eabi/lib/armv7-m/libstdc++_nano.a(si_class_type_info.o)
                0x00000000080042a8                __cxxabiv1::__si_class_type_info::~__si_class_type_info()
                0x00000000080042a8                __cxxabiv1::__si_class_type_info::~__si_class_type_info()
 .text._ZN10__cxxabiv120__si_class_type_infoD0Ev
                0x00000000080042bc       0x14 /opt/Atollic_TrueSTUDIO_for_STM32_x86_64_9.2.0/ARMTools/bin/../lib/gcc/arm-atollic-eabi/6.3.1/../../../../arm-atollic-eabi/lib/armv7-m/libstdc++_nano.a(si_class_type_info.o)
                0x00000000080042bc                __cxxabiv1::__si_class_type_info::~__si_class_type_info()
 .text._ZNK10__cxxabiv120__si_class_type_info20__do_find_public_srcEiPKvPKNS_17__class_type_infoES2_
                0x00000000080042d0       0x38 /opt/Atollic_TrueSTUDIO_for_STM32_x86_64_9.2.0/ARMTools/bin/../lib/gcc/arm-atollic-eabi/6.3.1/../../../../arm-atollic-eabi/lib/armv7-m/libstdc++_nano.a(si_class_type_info.o)
                0x00000000080042d0                __cxxabiv1::__si_class_type_info::__do_find_public_src(int, void const*, __cxxabiv1::__class_type_info const*, void const*) const
 .text._ZNK10__cxxabiv120__si_class_type_info12__do_dyncastEiNS_17__class_type_info10__sub_kindEPKS1_PKvS4_S6_RNS1_16__dyncast_resultE
                0x0000000008004308       0x7c /opt/Atollic_TrueSTUDIO_for_STM32_x86_64_9.2.0/ARMTools/bin/../lib/gcc/arm-atollic-eabi/6.3.1/../../../../arm-atollic-eabi/lib/armv7-m/libstdc++_nano.a(si_class_type_info.o)
                0x0000000008004308                __cxxabiv1::__si_class_type_info::__do_dyncast(int, __cxxabiv1::__class_type_info::__sub_kind, __cxxabiv1::__class_type_info const*, void const*, __cxxabiv1::__class_type_info const*, void const*, __cxxabiv1::__class_type_info::__dyncast_result&) const
 .text._ZNK10__cxxabiv120__si_class_type_info11__do_upcastEPKNS_17__class_type_infoEPKvRNS1_15__upcast_resultE
                0x0000000008004384       0x2a /opt/Atollic_TrueSTUDIO_for_STM32_x86_64_9.2.0/ARMTools/bin/../lib/gcc/arm-atollic-eabi/6.3.1/../../../../arm-atollic-eabi/lib/armv7-m/libstdc++_nano.a(si_class_type_info.o)
                0x0000000008004384                __cxxabiv1::__si_class_type_info::__do_upcast(__cxxabiv1::__class_type_info const*, void const*, __cxxabiv1::__class_type_info::__upcast_result&) const
 .text._ZN10__cxxabiv1L24__is_gxx_exception_classEPc
                0x00000000080043ae       0x3a /opt/Atollic_TrueSTUDIO_for_STM32_x86_64_9.2.0/ARMTools/bin/../lib/gcc/arm-atollic-eabi/6.3.1/../../../../arm-atollic-eabi/lib/armv7-m/libstdc++_nano.a(eh_call.o)
 .text.__cxa_call_terminate
                0x00000000080043e8       0x1e /opt/Atollic_TrueSTUDIO_for_STM32_x86_64_9.2.0/ARMTools/bin/../lib/gcc/arm-atollic-eabi/6.3.1/../../../../arm-atollic-eabi/lib/armv7-m/libstdc++_nano.a(eh_call.o)
                0x00000000080043e8                __cxa_call_terminate
 .text.__cxa_call_unexpected
                0x0000000008004406       0x28 /opt/Atollic_TrueSTUDIO_for_STM32_x86_64_9.2.0/ARMTools/bin/../lib/gcc/arm-atollic-eabi/6.3.1/../../../../arm-atollic-eabi/lib/armv7-m/libstdc++_nano.a(eh_call.o)
                0x0000000008004406                __cxa_call_unexpected
 .text._ZN10__cxxabiv1L24__is_gxx_exception_classEPc
                0x000000000800442e       0x3a /opt/Atollic_TrueSTUDIO_for_STM32_x86_64_9.2.0/ARMTools/bin/../lib/gcc/arm-atollic-eabi/6.3.1/../../../../arm-atollic-eabi/lib/armv7-m/libstdc++_nano.a(eh_catch.o)
 .text.__cxa_begin_catch
                0x0000000008004468       0x54 /opt/Atollic_TrueSTUDIO_for_STM32_x86_64_9.2.0/ARMTools/bin/../lib/gcc/arm-atollic-eabi/6.3.1/../../../../arm-atollic-eabi/lib/armv7-m/libstdc++_nano.a(eh_catch.o)
                0x0000000008004468                __cxa_begin_catch
 .text._ZN10__cxxabiv111__terminateEPFvvE
                0x00000000080044bc        0x8 /opt/Atollic_TrueSTUDIO_for_STM32_x86_64_9.2.0/ARMTools/bin/../lib/gcc/arm-atollic-eabi/6.3.1/../../../../arm-atollic-eabi/lib/armv7-m/libstdc++_nano.a(eh_terminate.o)
                0x00000000080044bc                __cxxabiv1::__terminate(void (*)())
 .text._ZSt13get_terminatev
                0x00000000080044c4       0x10 /opt/Atollic_TrueSTUDIO_for_STM32_x86_64_9.2.0/ARMTools/bin/../lib/gcc/arm-atollic-eabi/6.3.1/../../../../arm-atollic-eabi/lib/armv7-m/libstdc++_nano.a(eh_terminate.o)
                0x00000000080044c4                std::get_terminate()
 .text._ZSt9terminatev
                0x00000000080044d4        0xa /opt/Atollic_TrueSTUDIO_for_STM32_x86_64_9.2.0/ARMTools/bin/../lib/gcc/arm-atollic-eabi/6.3.1/../../../../arm-atollic-eabi/lib/armv7-m/libstdc++_nano.a(eh_terminate.o)
                0x00000000080044d4                std::terminate()
 .text._ZN10__cxxabiv112__unexpectedEPFvvE
                0x00000000080044de        0x8 /opt/Atollic_TrueSTUDIO_for_STM32_x86_64_9.2.0/ARMTools/bin/../lib/gcc/arm-atollic-eabi/6.3.1/../../../../arm-atollic-eabi/lib/armv7-m/libstdc++_nano.a(eh_terminate.o)
                0x00000000080044de                __cxxabiv1::__unexpected(void (*)())
 *fill*         0x00000000080044e6        0x2 
 .text._ZSt14get_unexpectedv
                0x00000000080044e8       0x10 /opt/Atollic_TrueSTUDIO_for_STM32_x86_64_9.2.0/ARMTools/bin/../lib/gcc/arm-atollic-eabi/6.3.1/../../../../arm-atollic-eabi/lib/armv7-m/libstdc++_nano.a(eh_terminate.o)
                0x00000000080044e8                std::get_unexpected()
 .text._ZSt10unexpectedv
                0x00000000080044f8        0xa /opt/Atollic_TrueSTUDIO_for_STM32_x86_64_9.2.0/ARMTools/bin/../lib/gcc/arm-atollic-eabi/6.3.1/../../../../arm-atollic-eabi/lib/armv7-m/libstdc++_nano.a(eh_terminate.o)
                0x00000000080044f8                std::unexpected()
 *fill*         0x0000000008004502        0x2 
 .text.__cxa_get_globals
                0x0000000008004504        0x8 /opt/Atollic_TrueSTUDIO_for_STM32_x86_64_9.2.0/ARMTools/bin/../lib/gcc/arm-atollic-eabi/6.3.1/../../../../arm-atollic-eabi/lib/armv7-m/libstdc++_nano.a(eh_globals.o)
                0x0000000008004504                __cxa_get_globals
 .text._ZdlPvj  0x000000000800450c        0x4 /opt/Atollic_TrueSTUDIO_for_STM32_x86_64_9.2.0/ARMTools/bin/../lib/gcc/arm-atollic-eabi/6.3.1/../../../../arm-atollic-eabi/lib/armv7-m/libstdc++_nano.a(del_ops.o)
                0x000000000800450c                operator delete(void*, unsigned int)
 .text.abort    0x0000000008004510        0xe /opt/Atollic_TrueSTUDIO_for_STM32_x86_64_9.2.0/ARMTools/bin/../lib/gcc/arm-atollic-eabi/6.3.1/../../../../arm-atollic-eabi/lib/armv7-m/libc_nano.a(lib_a-abort.o)
                0x0000000008004510                abort
 *fill*         0x000000000800451e        0x2 
 .text.__libc_init_array
                0x0000000008004520       0x48 /opt/Atollic_TrueSTUDIO_for_STM32_x86_64_9.2.0/ARMTools/bin/../lib/gcc/arm-atollic-eabi/6.3.1/../../../../arm-atollic-eabi/lib/armv7-m/libc_nano.a(lib_a-init.o)
                0x0000000008004520                __libc_init_array
 .text.malloc   0x0000000008004568       0x10 /opt/Atollic_TrueSTUDIO_for_STM32_x86_64_9.2.0/ARMTools/bin/../lib/gcc/arm-atollic-eabi/6.3.1/../../../../arm-atollic-eabi/lib/armv7-m/libc_nano.a(lib_a-malloc.o)
                0x0000000008004568                malloc
 .text.free     0x0000000008004578       0x10 /opt/Atollic_TrueSTUDIO_for_STM32_x86_64_9.2.0/ARMTools/bin/../lib/gcc/arm-atollic-eabi/6.3.1/../../../../arm-atollic-eabi/lib/armv7-m/libc_nano.a(lib_a-malloc.o)
                0x0000000008004578                free
 .text._free_r  0x0000000008004588       0x98 /opt/Atollic_TrueSTUDIO_for_STM32_x86_64_9.2.0/ARMTools/bin/../lib/gcc/arm-atollic-eabi/6.3.1/../../../../arm-atollic-eabi/lib/armv7-m/libc_nano.a(lib_a-nano-freer.o)
                0x0000000008004588                _free_r
 .text._malloc_r
                0x0000000008004620       0xbc /opt/Atollic_TrueSTUDIO_for_STM32_x86_64_9.2.0/ARMTools/bin/../lib/gcc/arm-atollic-eabi/6.3.1/../../../../arm-atollic-eabi/lib/armv7-m/libc_nano.a(lib_a-nano-mallocr.o)
                0x0000000008004620                _malloc_r
 .text._sbrk_r  0x00000000080046dc       0x20 /opt/Atollic_TrueSTUDIO_for_STM32_x86_64_9.2.0/ARMTools/bin/../lib/gcc/arm-atollic-eabi/6.3.1/../../../../arm-atollic-eabi/lib/armv7-m/libc_nano.a(lib_a-sbrkr.o)
                0x00000000080046dc                _sbrk_r
 .text._raise_r
                0x00000000080046fc       0x50 /opt/Atollic_TrueSTUDIO_for_STM32_x86_64_9.2.0/ARMTools/bin/../lib/gcc/arm-atollic-eabi/6.3.1/../../../../arm-atollic-eabi/lib/armv7-m/libc_nano.a(lib_a-signal.o)
                0x00000000080046fc                _raise_r
 .text.raise    0x000000000800474c       0x10 /opt/Atollic_TrueSTUDIO_for_STM32_x86_64_9.2.0/ARMTools/bin/../lib/gcc/arm-atollic-eabi/6.3.1/../../../../arm-atollic-eabi/lib/armv7-m/libc_nano.a(lib_a-signal.o)
                0x000000000800474c                raise
 .text._kill_r  0x000000000800475c       0x24 /opt/Atollic_TrueSTUDIO_for_STM32_x86_64_9.2.0/ARMTools/bin/../lib/gcc/arm-atollic-eabi/6.3.1/../../../../arm-atollic-eabi/lib/armv7-m/libc_nano.a(lib_a-signalr.o)
                0x000000000800475c                _kill_r
 .text._getpid_r
                0x0000000008004780        0x4 /opt/Atollic_TrueSTUDIO_for_STM32_x86_64_9.2.0/ARMTools/bin/../lib/gcc/arm-atollic-eabi/6.3.1/../../../../arm-atollic-eabi/lib/armv7-m/libc_nano.a(lib_a-signalr.o)
                0x0000000008004780                _getpid_r
 .text.__malloc_lock
                0x0000000008004784        0x2 /opt/Atollic_TrueSTUDIO_for_STM32_x86_64_9.2.0/ARMTools/bin/../lib/gcc/arm-atollic-eabi/6.3.1/../../../../arm-atollic-eabi/lib/armv7-m/libc_nano.a(lib_a-mlock.o)
                0x0000000008004784                __malloc_lock
 .text.__malloc_unlock
                0x0000000008004786        0x2 /opt/Atollic_TrueSTUDIO_for_STM32_x86_64_9.2.0/ARMTools/bin/../lib/gcc/arm-atollic-eabi/6.3.1/../../../../arm-atollic-eabi/lib/armv7-m/libc_nano.a(lib_a-mlock.o)
                0x0000000008004786                __malloc_unlock
 .text.memcpy   0x0000000008004788       0x16 /opt/Atollic_TrueSTUDIO_for_STM32_x86_64_9.2.0/ARMTools/bin/../lib/gcc/arm-atollic-eabi/6.3.1/../../../../arm-atollic-eabi/lib/armv7-m/libc_nano.a(lib_a-memcpy-stub.o)
                0x0000000008004788                memcpy
 *fill*         0x000000000800479e        0x2 
 .text._getpid  0x00000000080047a0       0x10 /opt/Atollic_TrueSTUDIO_for_STM32_x86_64_9.2.0/ARMTools/bin/../lib/gcc/arm-atollic-eabi/6.3.1/../../../../arm-atollic-eabi/lib/armv7-m/libnosys.a(getpid.o)
                0x00000000080047a0                _getpid
 .text._kill    0x00000000080047b0       0x10 /opt/Atollic_TrueSTUDIO_for_STM32_x86_64_9.2.0/ARMTools/bin/../lib/gcc/arm-atollic-eabi/6.3.1/../../../../arm-atollic-eabi/lib/armv7-m/libnosys.a(kill.o)
                0x00000000080047b0                _kill
 .text._sbrk    0x00000000080047c0       0x1c /opt/Atollic_TrueSTUDIO_for_STM32_x86_64_9.2.0/ARMTools/bin/../lib/gcc/arm-atollic-eabi/6.3.1/../../../../arm-atollic-eabi/lib/armv7-m/libnosys.a(sbrk.o)
                0x00000000080047c0                _sbrk
 .text._exit    0x00000000080047dc        0x2 /opt/Atollic_TrueSTUDIO_for_STM32_x86_64_9.2.0/ARMTools/bin/../lib/gcc/arm-atollic-eabi/6.3.1/../../../../arm-atollic-eabi/lib/armv7-m/libnosys.a(_exit.o)
                0x00000000080047dc                _exit
 *(.glue_7)
 .glue_7        0x00000000080047de        0x0 linker stubs
 *(.glue_7t)
 .glue_7t       0x00000000080047de        0x0 linker stubs
 *(.eh_frame)
 *fill*         0x00000000080047de        0x2 
 .eh_frame      0x00000000080047e0        0x0 /opt/Atollic_TrueSTUDIO_for_STM32_x86_64_9.2.0/ARMTools/bin/../lib/gcc/arm-atollic-eabi/6.3.1/armv7-m/crtbegin.o
 *(.init)
 .init          0x00000000080047e0        0x4 /opt/Atollic_TrueSTUDIO_for_STM32_x86_64_9.2.0/ARMTools/bin/../lib/gcc/arm-atollic-eabi/6.3.1/armv7-m/crti.o
                0x00000000080047e0                _init
 .init          0x00000000080047e4        0x8 /opt/Atollic_TrueSTUDIO_for_STM32_x86_64_9.2.0/ARMTools/bin/../lib/gcc/arm-atollic-eabi/6.3.1/armv7-m/crtn.o
 *(.fini)
 .fini          0x00000000080047ec        0x4 /opt/Atollic_TrueSTUDIO_for_STM32_x86_64_9.2.0/ARMTools/bin/../lib/gcc/arm-atollic-eabi/6.3.1/armv7-m/crti.o
                0x00000000080047ec                _fini
 .fini          0x00000000080047f0        0x8 /opt/Atollic_TrueSTUDIO_for_STM32_x86_64_9.2.0/ARMTools/bin/../lib/gcc/arm-atollic-eabi/6.3.1/armv7-m/crtn.o
                0x00000000080047f8                . = ALIGN (0x4)
                0x00000000080047f8                _etext = .

.vfp11_veneer   0x00000000080047f8        0x0
 .vfp11_veneer  0x00000000080047f8        0x0 linker stubs

.v4_bx          0x00000000080047f8        0x0
 .v4_bx         0x00000000080047f8        0x0 linker stubs

.iplt           0x00000000080047f8        0x0
 .iplt          0x00000000080047f8        0x0 /opt/Atollic_TrueSTUDIO_for_STM32_x86_64_9.2.0/ARMTools/bin/../lib/gcc/arm-atollic-eabi/6.3.1/armv7-m/crtbegin.o

.rodata         0x00000000080047f8      0x1e4
                0x00000000080047f8                . = ALIGN (0x4)
 *(.rodata)
 .rodata        0x00000000080047f8       0x10 Drivers/STM32F1xx_HAL_Driver/Src/stm32f1xx_hal_rcc.o
 .rodata        0x0000000008004808       0x1f Src/Robot.o
                0x0000000008004808                vtable for Robot
                0x0000000008004818                typeinfo for Robot
                0x0000000008004820                typeinfo name for Robot
 *fill*         0x0000000008004827        0x1 
 .rodata        0x0000000008004828       0x1f Src/Servo.o
                0x0000000008004828                vtable for Servo
                0x0000000008004838                typeinfo for Servo
                0x0000000008004840                typeinfo name for Servo
 *fill*         0x0000000008004847        0x1 
 .rodata        0x0000000008004848       0x26 Src/UARTPCCOM.o
                0x0000000008004848                vtable for UART_PC_COM
                0x0000000008004858                typeinfo for UART_PC_COM
                0x0000000008004860                typeinfo name for UART_PC_COM
 *fill*         0x000000000800486e        0x2 
 .rodata        0x0000000008004870       0x10 Src/main.o
 *(.rodata*)
 .rodata.HAL_UART_MspInit.str1.1
                0x0000000008004880       0x1b Src/stm32f1xx_hal_msp.o
 .rodata.AHBPrescTable
                0x000000000800489b       0x10 Src/system_stm32f1xx.o
                0x000000000800489b                AHBPrescTable
 .rodata.APBPrescTable
                0x00000000080048ab        0x8 Src/system_stm32f1xx.o
                0x00000000080048ab                APBPrescTable
 *fill*         0x00000000080048b3        0x1 
 .rodata._ZTIN10__cxxabiv117__class_type_infoE
                0x00000000080048b4        0xc /opt/Atollic_TrueSTUDIO_for_STM32_x86_64_9.2.0/ARMTools/bin/../lib/gcc/arm-atollic-eabi/6.3.1/../../../../arm-atollic-eabi/lib/armv7-m/libstdc++_nano.a(class_type_info.o)
                0x00000000080048b4                typeinfo for __cxxabiv1::__class_type_info
 .rodata._ZTSN10__cxxabiv117__class_type_infoE
                0x00000000080048c0       0x22 /opt/Atollic_TrueSTUDIO_for_STM32_x86_64_9.2.0/ARMTools/bin/../lib/gcc/arm-atollic-eabi/6.3.1/../../../../arm-atollic-eabi/lib/armv7-m/libstdc++_nano.a(class_type_info.o)
                0x00000000080048c0                typeinfo name for __cxxabiv1::__class_type_info
 *fill*         0x00000000080048e2        0x2 
 .rodata._ZTVN10__cxxabiv117__class_type_infoE
                0x00000000080048e4       0x2c /opt/Atollic_TrueSTUDIO_for_STM32_x86_64_9.2.0/ARMTools/bin/../lib/gcc/arm-atollic-eabi/6.3.1/../../../../arm-atollic-eabi/lib/armv7-m/libstdc++_nano.a(class_type_info.o)
                0x00000000080048e4                vtable for __cxxabiv1::__class_type_info
 .rodata._ZTISt9type_info
                0x0000000008004910        0x8 /opt/Atollic_TrueSTUDIO_for_STM32_x86_64_9.2.0/ARMTools/bin/../lib/gcc/arm-atollic-eabi/6.3.1/../../../../arm-atollic-eabi/lib/armv7-m/libstdc++_nano.a(tinfo.o)
                0x0000000008004910                typeinfo for std::type_info
 .rodata._ZTSSt9type_info
                0x0000000008004918        0xd /opt/Atollic_TrueSTUDIO_for_STM32_x86_64_9.2.0/ARMTools/bin/../lib/gcc/arm-atollic-eabi/6.3.1/../../../../arm-atollic-eabi/lib/armv7-m/libstdc++_nano.a(tinfo.o)
                0x0000000008004918                typeinfo name for std::type_info
 *fill*         0x0000000008004925        0x3 
 .rodata._ZTIN10__cxxabiv115__forced_unwindE
                0x0000000008004928        0x8 /opt/Atollic_TrueSTUDIO_for_STM32_x86_64_9.2.0/ARMTools/bin/../lib/gcc/arm-atollic-eabi/6.3.1/../../../../arm-atollic-eabi/lib/armv7-m/libstdc++_nano.a(eh_exception.o)
                0x0000000008004928                typeinfo for __cxxabiv1::__forced_unwind
 .rodata._ZTIN10__cxxabiv119__foreign_exceptionE
                0x0000000008004930        0x8 /opt/Atollic_TrueSTUDIO_for_STM32_x86_64_9.2.0/ARMTools/bin/../lib/gcc/arm-atollic-eabi/6.3.1/../../../../arm-atollic-eabi/lib/armv7-m/libstdc++_nano.a(eh_exception.o)
                0x0000000008004930                typeinfo for __cxxabiv1::__foreign_exception
 .rodata._ZTSN10__cxxabiv115__forced_unwindE
                0x0000000008004938       0x20 /opt/Atollic_TrueSTUDIO_for_STM32_x86_64_9.2.0/ARMTools/bin/../lib/gcc/arm-atollic-eabi/6.3.1/../../../../arm-atollic-eabi/lib/armv7-m/libstdc++_nano.a(eh_exception.o)
                0x0000000008004938                typeinfo name for __cxxabiv1::__forced_unwind
 .rodata._ZTSN10__cxxabiv119__foreign_exceptionE
                0x0000000008004958       0x24 /opt/Atollic_TrueSTUDIO_for_STM32_x86_64_9.2.0/ARMTools/bin/../lib/gcc/arm-atollic-eabi/6.3.1/../../../../arm-atollic-eabi/lib/armv7-m/libstdc++_nano.a(eh_exception.o)
                0x0000000008004958                typeinfo name for __cxxabiv1::__foreign_exception
 .rodata._ZTIN10__cxxabiv120__si_class_type_infoE
                0x000000000800497c        0xc /opt/Atollic_TrueSTUDIO_for_STM32_x86_64_9.2.0/ARMTools/bin/../lib/gcc/arm-atollic-eabi/6.3.1/../../../../arm-atollic-eabi/lib/armv7-m/libstdc++_nano.a(si_class_type_info.o)
                0x000000000800497c                typeinfo for __cxxabiv1::__si_class_type_info
 .rodata._ZTSN10__cxxabiv120__si_class_type_infoE
                0x0000000008004988       0x25 /opt/Atollic_TrueSTUDIO_for_STM32_x86_64_9.2.0/ARMTools/bin/../lib/gcc/arm-atollic-eabi/6.3.1/../../../../arm-atollic-eabi/lib/armv7-m/libstdc++_nano.a(si_class_type_info.o)
                0x0000000008004988                typeinfo name for __cxxabiv1::__si_class_type_info
 *fill*         0x00000000080049ad        0x3 
 .rodata._ZTVN10__cxxabiv120__si_class_type_infoE
                0x00000000080049b0       0x2c /opt/Atollic_TrueSTUDIO_for_STM32_x86_64_9.2.0/ARMTools/bin/../lib/gcc/arm-atollic-eabi/6.3.1/../../../../arm-atollic-eabi/lib/armv7-m/libstdc++_nano.a(si_class_type_info.o)
                0x00000000080049b0                vtable for __cxxabiv1::__si_class_type_info
                0x00000000080049dc                . = ALIGN (0x4)

.ARM.extab      0x00000000080049dc      0x114
 *(.ARM.extab* .gnu.linkonce.armextab.*)
 .ARM.extab.text._ZN5Robot4initEPVmS1_S1_S1_
                0x00000000080049dc       0x35 Src/Robot.o
 *fill*         0x0000000008004a11        0x3 
 .ARM.extab.text._ZN5RobotC2EPVmS1_S1_S1_
                0x0000000008004a14        0xc Src/Robot.o
 .ARM.extab.text._ZN5Robot11updatedDataEP11dataFrameRX
                0x0000000008004a20        0xc Src/Robot.o
 .ARM.extab.text._ZN5Robot22setServoFromDataBufferEPt
                0x0000000008004a2c        0xc Src/Robot.o
 .ARM.extab.text._ZN11UART_PC_COM4initEP18UART_HandleTypeDefP5Robot
                0x0000000008004a38        0xc Src/UARTPCCOM.o
 .ARM.extab.text._ZN11UART_PC_COMC2EP18UART_HandleTypeDefP5Robot
                0x0000000008004a44        0xc Src/UARTPCCOM.o
 .ARM.extab.text._ZN11UART_PC_COM8sendDataEv
                0x0000000008004a50        0xc Src/UARTPCCOM.o
 .ARM.extab.text._ZN11UART_PC_COM15recieveNextDataEv
                0x0000000008004a5c        0xc Src/UARTPCCOM.o
 .ARM.extab.text.HAL_UART_RxCpltCallback
                0x0000000008004a68        0xc Src/main.o
 .ARM.extab.text.HAL_GPIO_EXTI_Callback
                0x0000000008004a74        0xc Src/main.o
 .ARM.extab.text.main
                0x0000000008004a80       0x26 Src/main.o
 *fill*         0x0000000008004aa6        0x2 
 .ARM.extab.text._Z18SystemClock_Configv
                0x0000000008004aa8        0xc Src/main.o
 .ARM.extab.text._ZL12MX_TIM4_Initv
                0x0000000008004ab4        0xc Src/main.o
 .ARM.extab.text._ZL11MX_DMA_Initv
                0x0000000008004ac0        0xc Src/main.o
 .ARM.extab.text._ZL12MX_GPIO_Initv
                0x0000000008004acc        0xc Src/main.o
 .ARM.extab     0x0000000008004ad8       0x18 /opt/Atollic_TrueSTUDIO_for_STM32_x86_64_9.2.0/ARMTools/bin/../lib/gcc/arm-atollic-eabi/6.3.1/armv7-m/libgcc.a(pr-support.o)

.ARM            0x0000000008004af0      0x160
                0x0000000008004af0                __exidx_start = .
 *(.ARM.exidx*)
 .ARM.exidx.text._ZN5Robot4initEPVmS1_S1_S1_
                0x0000000008004ba8        0x8 Src/Robot.o
 .ARM.exidx.text._ZN5RobotC2EPVmS1_S1_S1_
                0x0000000008004bb0        0x8 Src/Robot.o
 .ARM.exidx.text._ZN5RobotD2Ev
                0x0000000008004bb8        0x8 Src/Robot.o
 .ARM.exidx.text._ZN5RobotD0Ev
                0x0000000008004bc0        0x0 Src/Robot.o
                                          0x8 (size before relaxing)
 .ARM.exidx.text._ZN5Robot11updatedDataEP11dataFrameRX
                0x0000000008004bc0        0x8 Src/Robot.o
 .ARM.exidx.text._ZN5Robot22setServoFromDataBufferEPt
                0x0000000008004bc8        0x8 Src/Robot.o
 .ARM.exidx.text._ZN5ServoC2EPVm
                0x0000000008004bd0        0x8 Src/Servo.o
 .ARM.exidx.text._ZN5Servo8setPulseEt
                0x0000000008004bd8        0x0 Src/Servo.o
                                          0x8 (size before relaxing)
 .ARM.exidx.text._ZN5Servo8setAngleEh
                0x0000000008004bd8        0x0 Src/Servo.o
                                          0x8 (size before relaxing)
 .ARM.exidx.text._ZN5ServoD2Ev
                0x0000000008004bd8        0x0 Src/Servo.o
                                          0x8 (size before relaxing)
 .ARM.exidx.text._ZN5ServoD0Ev
                0x0000000008004bd8        0x0 Src/Servo.o
                                          0x8 (size before relaxing)
 .ARM.exidx.text._ZN11UART_PC_COM4initEP18UART_HandleTypeDefP5Robot
                0x0000000008004bd8        0x8 Src/UARTPCCOM.o
 .ARM.exidx.text._ZN11UART_PC_COMC2EP18UART_HandleTypeDefP5Robot
                0x0000000008004be0        0x8 Src/UARTPCCOM.o
 .ARM.exidx.text._ZN11UART_PC_COMD2Ev
                0x0000000008004be8        0x8 Src/UARTPCCOM.o
 .ARM.exidx.text._ZN11UART_PC_COMD0Ev
                0x0000000008004bf0        0x0 Src/UARTPCCOM.o
                                          0x8 (size before relaxing)
 .ARM.exidx.text._ZN11UART_PC_COM8sendDataEv
                0x0000000008004bf0        0x8 Src/UARTPCCOM.o
 .ARM.exidx.text._ZN11UART_PC_COM15recieveNextDataEv
                0x0000000008004bf8        0x8 Src/UARTPCCOM.o
 .ARM.exidx.text._ZN11UART_PC_COM15getRecievedDataEv
                0x0000000008004c00        0x8 Src/UARTPCCOM.o
 .ARM.exidx.text.HAL_UART_RxCpltCallback
                0x0000000008004c08        0x8 Src/main.o
 .ARM.exidx.text.HAL_GPIO_EXTI_Callback
                0x0000000008004c10        0x8 Src/main.o
 .ARM.exidx.text.main
                0x0000000008004c18        0x8 Src/main.o
 .ARM.exidx.text._Z18SystemClock_Configv
                0x0000000008004c20        0x8 Src/main.o
 .ARM.exidx.text._ZL12MX_TIM4_Initv
                0x0000000008004c28        0x8 Src/main.o
 .ARM.exidx.text._ZL19MX_USART2_UART_Initv
                0x0000000008004c30        0x8 Src/main.o
 .ARM.exidx.text._ZL19MX_USART3_UART_Initv
                0x0000000008004c38        0x0 Src/main.o
                                          0x8 (size before relaxing)
 .ARM.exidx.text._ZL11MX_DMA_Initv
                0x0000000008004c38        0x8 Src/main.o
 .ARM.exidx.text._ZL12MX_GPIO_Initv
                0x0000000008004c40        0x8 Src/main.o
 .ARM.exidx.text._Error_Handler
                0x0000000008004c48        0x8 Src/main.o
 .ARM.exidx     0x0000000008004af0       0x80 /opt/Atollic_TrueSTUDIO_for_STM32_x86_64_9.2.0/ARMTools/bin/../lib/gcc/arm-atollic-eabi/6.3.1/armv7-m/libgcc.a(unwind-arm.o)
                                         0xd8 (size before relaxing)
 .ARM.exidx     0x0000000008004b70       0x38 /opt/Atollic_TrueSTUDIO_for_STM32_x86_64_9.2.0/ARMTools/bin/../lib/gcc/arm-atollic-eabi/6.3.1/armv7-m/libgcc.a(pr-support.o)
                                         0x48 (size before relaxing)
                0x0000000008004c50                __exidx_end = .

.rel.dyn        0x0000000008004c50        0x0
 .rel.iplt      0x0000000008004c50        0x0 /opt/Atollic_TrueSTUDIO_for_STM32_x86_64_9.2.0/ARMTools/bin/../lib/gcc/arm-atollic-eabi/6.3.1/armv7-m/crtbegin.o

.preinit_array  0x0000000008004c50        0x0
                0x0000000008004c50                PROVIDE (__preinit_array_start, .)
 *(.preinit_array*)
                0x0000000008004c50                PROVIDE (__preinit_array_end, .)

.init_array     0x0000000008004c50        0x4
                0x0000000008004c50                PROVIDE (__init_array_start, .)
 *(SORT(.init_array.*))
 *(.init_array*)
 .init_array    0x0000000008004c50        0x4 /opt/Atollic_TrueSTUDIO_for_STM32_x86_64_9.2.0/ARMTools/bin/../lib/gcc/arm-atollic-eabi/6.3.1/armv7-m/crtbegin.o
                0x0000000008004c54                PROVIDE (__init_array_end, .)

.fini_array     0x0000000008004c54        0x4
                [!provide]                        PROVIDE (__fini_array_start, .)
 *(SORT(.fini_array.*))
 *(.fini_array*)
 .fini_array    0x0000000008004c54        0x4 /opt/Atollic_TrueSTUDIO_for_STM32_x86_64_9.2.0/ARMTools/bin/../lib/gcc/arm-atollic-eabi/6.3.1/armv7-m/crtbegin.o
                [!provide]                        PROVIDE (__fini_array_end, .)
                0x0000000008004c58                _sidata = LOADADDR (.data)

.data           0x0000000020000000       0x78 load address 0x0000000008004c58
                0x0000000020000000                . = ALIGN (0x4)
                0x0000000020000000                _sdata = .
 *(.data)
 *(.data*)
 .data.uwTickFreq
                0x0000000020000000        0x1 Drivers/STM32F1xx_HAL_Driver/Src/stm32f1xx_hal.o
                0x0000000020000000                uwTickFreq
 *fill*         0x0000000020000001        0x3 
 .data.uwTickPrio
                0x0000000020000004        0x4 Drivers/STM32F1xx_HAL_Driver/Src/stm32f1xx_hal.o
                0x0000000020000004                uwTickPrio
 .data.SystemCoreClock
                0x0000000020000008        0x4 Src/system_stm32f1xx.o
                0x0000000020000008                SystemCoreClock
 .data._ZN10__cxxabiv119__terminate_handlerE
                0x000000002000000c        0x4 /opt/Atollic_TrueSTUDIO_for_STM32_x86_64_9.2.0/ARMTools/bin/../lib/gcc/arm-atollic-eabi/6.3.1/../../../../arm-atollic-eabi/lib/armv7-m/libstdc++_nano.a(eh_term_handler.o)
                0x000000002000000c                __cxxabiv1::__terminate_handler
 .data._ZN10__cxxabiv120__unexpected_handlerE
                0x0000000020000010        0x4 /opt/Atollic_TrueSTUDIO_for_STM32_x86_64_9.2.0/ARMTools/bin/../lib/gcc/arm-atollic-eabi/6.3.1/../../../../arm-atollic-eabi/lib/armv7-m/libstdc++_nano.a(eh_unex_handler.o)
                0x0000000020000010                __cxxabiv1::__unexpected_handler
 .data._impure_ptr
                0x0000000020000014        0x4 /opt/Atollic_TrueSTUDIO_for_STM32_x86_64_9.2.0/ARMTools/bin/../lib/gcc/arm-atollic-eabi/6.3.1/../../../../arm-atollic-eabi/lib/armv7-m/libc_nano.a(lib_a-impure.o)
                0x0000000020000014                _impure_ptr
 .data.impure_data
                0x0000000020000018       0x60 /opt/Atollic_TrueSTUDIO_for_STM32_x86_64_9.2.0/ARMTools/bin/../lib/gcc/arm-atollic-eabi/6.3.1/../../../../arm-atollic-eabi/lib/armv7-m/libc_nano.a(lib_a-impure.o)
                0x0000000020000078                . = ALIGN (0x4)
                0x0000000020000078                _edata = .

.igot.plt       0x0000000020000078        0x0 load address 0x0000000008004cd0
 .igot.plt      0x0000000020000078        0x0 /opt/Atollic_TrueSTUDIO_for_STM32_x86_64_9.2.0/ARMTools/bin/../lib/gcc/arm-atollic-eabi/6.3.1/armv7-m/crtbegin.o
                0x0000000020000078                . = ALIGN (0x4)

.bss            0x0000000020000078      0x218 load address 0x0000000008004cd0
                0x0000000020000078                _sbss = .
                0x0000000020000078                __bss_start__ = _sbss
 *(.bss)
 .bss           0x0000000020000078       0x1c /opt/Atollic_TrueSTUDIO_for_STM32_x86_64_9.2.0/ARMTools/bin/../lib/gcc/arm-atollic-eabi/6.3.1/armv7-m/crtbegin.o
 .bss           0x0000000020000094      0x1d8 Src/main.o
                0x0000000020000094                htim4
                0x00000000200000d4                huart2
                0x0000000020000114                huart3
                0x0000000020000154                hdma_usart2_rx
                0x0000000020000198                hdma_usart2_tx
                0x00000000200001dc                hdma_usart3_rx
                0x0000000020000220                hdma_usart3_tx
                0x0000000020000264                robot
                0x0000000020000268                pc
 *(.bss*)
 .bss._ZN12_GLOBAL__N_113__new_handlerE
                0x000000002000026c        0x4 /opt/Atollic_TrueSTUDIO_for_STM32_x86_64_9.2.0/ARMTools/bin/../lib/gcc/arm-atollic-eabi/6.3.1/../../../../arm-atollic-eabi/lib/armv7-m/libstdc++_nano.a(new_handler.o)
 .bss._ZL10eh_globals
                0x0000000020000270        0xc /opt/Atollic_TrueSTUDIO_for_STM32_x86_64_9.2.0/ARMTools/bin/../lib/gcc/arm-atollic-eabi/6.3.1/../../../../arm-atollic-eabi/lib/armv7-m/libstdc++_nano.a(eh_globals.o)
 .bss.__malloc_free_list
                0x000000002000027c        0x4 /opt/Atollic_TrueSTUDIO_for_STM32_x86_64_9.2.0/ARMTools/bin/../lib/gcc/arm-atollic-eabi/6.3.1/../../../../arm-atollic-eabi/lib/armv7-m/libc_nano.a(lib_a-nano-mallocr.o)
                0x000000002000027c                __malloc_free_list
 .bss.__malloc_sbrk_start
                0x0000000020000280        0x4 /opt/Atollic_TrueSTUDIO_for_STM32_x86_64_9.2.0/ARMTools/bin/../lib/gcc/arm-atollic-eabi/6.3.1/../../../../arm-atollic-eabi/lib/armv7-m/libc_nano.a(lib_a-nano-mallocr.o)
                0x0000000020000280                __malloc_sbrk_start
 .bss.heap_end.4116
                0x0000000020000284        0x4 /opt/Atollic_TrueSTUDIO_for_STM32_x86_64_9.2.0/ARMTools/bin/../lib/gcc/arm-atollic-eabi/6.3.1/../../../../arm-atollic-eabi/lib/armv7-m/libnosys.a(sbrk.o)
 *(COMMON)
 COMMON         0x0000000020000288        0x4 Drivers/STM32F1xx_HAL_Driver/Src/stm32f1xx_hal.o
                0x0000000020000288                uwTick
 COMMON         0x000000002000028c        0x4 /opt/Atollic_TrueSTUDIO_for_STM32_x86_64_9.2.0/ARMTools/bin/../lib/gcc/arm-atollic-eabi/6.3.1/../../../../arm-atollic-eabi/lib/armv7-m/libc_nano.a(lib_a-reent.o)
                0x000000002000028c                errno
                0x0000000020000290                . = ALIGN (0x4)
                0x0000000020000290                _ebss = .
                0x0000000020000290                __bss_end__ = _ebss

._user_heap_stack
                0x0000000020000290      0x600 load address 0x0000000008004cd0
                0x0000000020000290                . = ALIGN (0x4)
                0x0000000020000290                PROVIDE (end, .)
                [!provide]                        PROVIDE (_end, .)
                0x0000000020000490                . = (. + _Min_Heap_Size)
 *fill*         0x0000000020000290      0x200 
                0x0000000020000890                . = (. + _Min_Stack_Size)
 *fill*         0x0000000020000490      0x400 
                0x0000000020000890                . = ALIGN (0x4)

/DISCARD/
 libc.a(*)
 libm.a(*)
 libgcc.a(*)

.ARM.attributes
                0x0000000000000000       0x29
 *(.ARM.attributes)
 .ARM.attributes
                0x0000000000000000       0x1d /opt/Atollic_TrueSTUDIO_for_STM32_x86_64_9.2.0/ARMTools/bin/../lib/gcc/arm-atollic-eabi/6.3.1/armv7-m/crti.o
 .ARM.attributes
                0x000000000000001d       0x2d /opt/Atollic_TrueSTUDIO_for_STM32_x86_64_9.2.0/ARMTools/bin/../lib/gcc/arm-atollic-eabi/6.3.1/armv7-m/crtbegin.o
 .ARM.attributes
                0x000000000000004a       0x33 Drivers/STM32F1xx_HAL_Driver/Src/stm32f1xx_hal.o
 .ARM.attributes
                0x000000000000007d       0x33 Drivers/STM32F1xx_HAL_Driver/Src/stm32f1xx_hal_cortex.o
 .ARM.attributes
                0x00000000000000b0       0x33 Drivers/STM32F1xx_HAL_Driver/Src/stm32f1xx_hal_dma.o
 .ARM.attributes
                0x00000000000000e3       0x33 Drivers/STM32F1xx_HAL_Driver/Src/stm32f1xx_hal_gpio.o
 .ARM.attributes
                0x0000000000000116       0x33 Drivers/STM32F1xx_HAL_Driver/Src/stm32f1xx_hal_rcc.o
 .ARM.attributes
                0x0000000000000149       0x33 Drivers/STM32F1xx_HAL_Driver/Src/stm32f1xx_hal_tim.o
 .ARM.attributes
                0x000000000000017c       0x33 Drivers/STM32F1xx_HAL_Driver/Src/stm32f1xx_hal_tim_ex.o
 .ARM.attributes
                0x00000000000001af       0x33 Drivers/STM32F1xx_HAL_Driver/Src/stm32f1xx_hal_uart.o
 .ARM.attributes
                0x00000000000001e2       0x33 Src/Robot.o
 .ARM.attributes
                0x0000000000000215       0x33 Src/Servo.o
 .ARM.attributes
                0x0000000000000248       0x33 Src/UARTPCCOM.o
 .ARM.attributes
                0x000000000000027b       0x33 Src/main.o
 .ARM.attributes
                0x00000000000002ae       0x33 Src/stm32f1xx_hal_msp.o
 .ARM.attributes
                0x00000000000002e1       0x33 Src/stm32f1xx_it.o
 .ARM.attributes
                0x0000000000000314       0x33 Src/system_stm32f1xx.o
 .ARM.attributes
                0x0000000000000347       0x21 startup/startup_stm32f103xb.o
 .ARM.attributes
                0x0000000000000368       0x2d /opt/Atollic_TrueSTUDIO_for_STM32_x86_64_9.2.0/ARMTools/bin/../lib/gcc/arm-atollic-eabi/6.3.1/../../../../arm-atollic-eabi/lib/armv7-m/libstdc++_nano.a(del_op.o)
 .ARM.attributes
                0x0000000000000395       0x2d /opt/Atollic_TrueSTUDIO_for_STM32_x86_64_9.2.0/ARMTools/bin/../lib/gcc/arm-atollic-eabi/6.3.1/../../../../arm-atollic-eabi/lib/armv7-m/libstdc++_nano.a(new_op.o)
 .ARM.attributes
                0x00000000000003c2       0x2d /opt/Atollic_TrueSTUDIO_for_STM32_x86_64_9.2.0/ARMTools/bin/../lib/gcc/arm-atollic-eabi/6.3.1/../../../../arm-atollic-eabi/lib/armv7-m/libstdc++_nano.a(eh_arm.o)
 .ARM.attributes
                0x00000000000003ef       0x2d /opt/Atollic_TrueSTUDIO_for_STM32_x86_64_9.2.0/ARMTools/bin/../lib/gcc/arm-atollic-eabi/6.3.1/../../../../arm-atollic-eabi/lib/armv7-m/libstdc++_nano.a(new_handler.o)
 .ARM.attributes
                0x000000000000041c       0x2d /opt/Atollic_TrueSTUDIO_for_STM32_x86_64_9.2.0/ARMTools/bin/../lib/gcc/arm-atollic-eabi/6.3.1/../../../../arm-atollic-eabi/lib/armv7-m/libstdc++_nano.a(class_type_info.o)
 .ARM.attributes
                0x0000000000000449       0x2d /opt/Atollic_TrueSTUDIO_for_STM32_x86_64_9.2.0/ARMTools/bin/../lib/gcc/arm-atollic-eabi/6.3.1/../../../../arm-atollic-eabi/lib/armv7-m/libstdc++_nano.a(tinfo.o)
 .ARM.attributes
                0x0000000000000476       0x2d /opt/Atollic_TrueSTUDIO_for_STM32_x86_64_9.2.0/ARMTools/bin/../lib/gcc/arm-atollic-eabi/6.3.1/../../../../arm-atollic-eabi/lib/armv7-m/libstdc++_nano.a(eh_exception.o)
 .ARM.attributes
                0x00000000000004a3       0x2d /opt/Atollic_TrueSTUDIO_for_STM32_x86_64_9.2.0/ARMTools/bin/../lib/gcc/arm-atollic-eabi/6.3.1/../../../../arm-atollic-eabi/lib/armv7-m/libstdc++_nano.a(si_class_type_info.o)
 .ARM.attributes
                0x00000000000004d0       0x2d /opt/Atollic_TrueSTUDIO_for_STM32_x86_64_9.2.0/ARMTools/bin/../lib/gcc/arm-atollic-eabi/6.3.1/../../../../arm-atollic-eabi/lib/armv7-m/libstdc++_nano.a(eh_call.o)
 .ARM.attributes
                0x00000000000004fd       0x2d /opt/Atollic_TrueSTUDIO_for_STM32_x86_64_9.2.0/ARMTools/bin/../lib/gcc/arm-atollic-eabi/6.3.1/../../../../arm-atollic-eabi/lib/armv7-m/libstdc++_nano.a(eh_catch.o)
 .ARM.attributes
                0x000000000000052a       0x2d /opt/Atollic_TrueSTUDIO_for_STM32_x86_64_9.2.0/ARMTools/bin/../lib/gcc/arm-atollic-eabi/6.3.1/../../../../arm-atollic-eabi/lib/armv7-m/libstdc++_nano.a(eh_terminate.o)
 .ARM.attributes
                0x0000000000000557       0x2d /opt/Atollic_TrueSTUDIO_for_STM32_x86_64_9.2.0/ARMTools/bin/../lib/gcc/arm-atollic-eabi/6.3.1/../../../../arm-atollic-eabi/lib/armv7-m/libstdc++_nano.a(eh_globals.o)
 .ARM.attributes
                0x0000000000000584       0x2d /opt/Atollic_TrueSTUDIO_for_STM32_x86_64_9.2.0/ARMTools/bin/../lib/gcc/arm-atollic-eabi/6.3.1/../../../../arm-atollic-eabi/lib/armv7-m/libstdc++_nano.a(eh_term_handler.o)
 .ARM.attributes
                0x00000000000005b1       0x2d /opt/Atollic_TrueSTUDIO_for_STM32_x86_64_9.2.0/ARMTools/bin/../lib/gcc/arm-atollic-eabi/6.3.1/../../../../arm-atollic-eabi/lib/armv7-m/libstdc++_nano.a(del_ops.o)
 .ARM.attributes
                0x00000000000005de       0x2d /opt/Atollic_TrueSTUDIO_for_STM32_x86_64_9.2.0/ARMTools/bin/../lib/gcc/arm-atollic-eabi/6.3.1/../../../../arm-atollic-eabi/lib/armv7-m/libstdc++_nano.a(eh_unex_handler.o)
 .ARM.attributes
                0x000000000000060b       0x2d /opt/Atollic_TrueSTUDIO_for_STM32_x86_64_9.2.0/ARMTools/bin/../lib/gcc/arm-atollic-eabi/6.3.1/../../../../arm-atollic-eabi/lib/armv7-m/libc_nano.a(lib_a-abort.o)
 .ARM.attributes
                0x0000000000000638       0x2d /opt/Atollic_TrueSTUDIO_for_STM32_x86_64_9.2.0/ARMTools/bin/../lib/gcc/arm-atollic-eabi/6.3.1/../../../../arm-atollic-eabi/lib/armv7-m/libc_nano.a(lib_a-init.o)
 .ARM.attributes
                0x0000000000000665       0x2d /opt/Atollic_TrueSTUDIO_for_STM32_x86_64_9.2.0/ARMTools/bin/../lib/gcc/arm-atollic-eabi/6.3.1/../../../../arm-atollic-eabi/lib/armv7-m/libc_nano.a(lib_a-malloc.o)
 .ARM.attributes
                0x0000000000000692       0x2d /opt/Atollic_TrueSTUDIO_for_STM32_x86_64_9.2.0/ARMTools/bin/../lib/gcc/arm-atollic-eabi/6.3.1/../../../../arm-atollic-eabi/lib/armv7-m/libc_nano.a(lib_a-nano-freer.o)
 .ARM.attributes
                0x00000000000006bf       0x2d /opt/Atollic_TrueSTUDIO_for_STM32_x86_64_9.2.0/ARMTools/bin/../lib/gcc/arm-atollic-eabi/6.3.1/../../../../arm-atollic-eabi/lib/armv7-m/libc_nano.a(lib_a-nano-mallocr.o)
 .ARM.attributes
                0x00000000000006ec       0x2d /opt/Atollic_TrueSTUDIO_for_STM32_x86_64_9.2.0/ARMTools/bin/../lib/gcc/arm-atollic-eabi/6.3.1/../../../../arm-atollic-eabi/lib/armv7-m/libc_nano.a(lib_a-sbrkr.o)
 .ARM.attributes
                0x0000000000000719       0x2d /opt/Atollic_TrueSTUDIO_for_STM32_x86_64_9.2.0/ARMTools/bin/../lib/gcc/arm-atollic-eabi/6.3.1/../../../../arm-atollic-eabi/lib/armv7-m/libc_nano.a(lib_a-signal.o)
 .ARM.attributes
                0x0000000000000746       0x2d /opt/Atollic_TrueSTUDIO_for_STM32_x86_64_9.2.0/ARMTools/bin/../lib/gcc/arm-atollic-eabi/6.3.1/../../../../arm-atollic-eabi/lib/armv7-m/libc_nano.a(lib_a-signalr.o)
 .ARM.attributes
                0x0000000000000773       0x1b /opt/Atollic_TrueSTUDIO_for_STM32_x86_64_9.2.0/ARMTools/bin/../lib/gcc/arm-atollic-eabi/6.3.1/../../../../arm-atollic-eabi/lib/armv7-m/libc_nano.a(lib_a-strcmp.o)
 .ARM.attributes
                0x000000000000078e       0x2d /opt/Atollic_TrueSTUDIO_for_STM32_x86_64_9.2.0/ARMTools/bin/../lib/gcc/arm-atollic-eabi/6.3.1/../../../../arm-atollic-eabi/lib/armv7-m/libc_nano.a(lib_a-impure.o)
 .ARM.attributes
                0x00000000000007bb       0x2d /opt/Atollic_TrueSTUDIO_for_STM32_x86_64_9.2.0/ARMTools/bin/../lib/gcc/arm-atollic-eabi/6.3.1/../../../../arm-atollic-eabi/lib/armv7-m/libc_nano.a(lib_a-mlock.o)
 .ARM.attributes
                0x00000000000007e8       0x2d /opt/Atollic_TrueSTUDIO_for_STM32_x86_64_9.2.0/ARMTools/bin/../lib/gcc/arm-atollic-eabi/6.3.1/../../../../arm-atollic-eabi/lib/armv7-m/libc_nano.a(lib_a-reent.o)
 .ARM.attributes
                0x0000000000000815       0x1d /opt/Atollic_TrueSTUDIO_for_STM32_x86_64_9.2.0/ARMTools/bin/../lib/gcc/arm-atollic-eabi/6.3.1/armv7-m/libgcc.a(_arm_addsubdf3.o)
 .ARM.attributes
                0x0000000000000832       0x1d /opt/Atollic_TrueSTUDIO_for_STM32_x86_64_9.2.0/ARMTools/bin/../lib/gcc/arm-atollic-eabi/6.3.1/armv7-m/libgcc.a(_arm_muldivdf3.o)
 .ARM.attributes
                0x000000000000084f       0x1d /opt/Atollic_TrueSTUDIO_for_STM32_x86_64_9.2.0/ARMTools/bin/../lib/gcc/arm-atollic-eabi/6.3.1/armv7-m/libgcc.a(_arm_fixunsdfsi.o)
 .ARM.attributes
                0x000000000000086c       0x2d /opt/Atollic_TrueSTUDIO_for_STM32_x86_64_9.2.0/ARMTools/bin/../lib/gcc/arm-atollic-eabi/6.3.1/armv7-m/libgcc.a(unwind-arm.o)
 .ARM.attributes
                0x0000000000000899       0x1d /opt/Atollic_TrueSTUDIO_for_STM32_x86_64_9.2.0/ARMTools/bin/../lib/gcc/arm-atollic-eabi/6.3.1/armv7-m/libgcc.a(libunwind.o)
 .ARM.attributes
                0x00000000000008b6       0x2d /opt/Atollic_TrueSTUDIO_for_STM32_x86_64_9.2.0/ARMTools/bin/../lib/gcc/arm-atollic-eabi/6.3.1/armv7-m/libgcc.a(pr-support.o)
 .ARM.attributes
                0x00000000000008e3       0x2d /opt/Atollic_TrueSTUDIO_for_STM32_x86_64_9.2.0/ARMTools/bin/../lib/gcc/arm-atollic-eabi/6.3.1/../../../../arm-atollic-eabi/lib/armv7-m/libc_nano.a(lib_a-memcpy-stub.o)
 .ARM.attributes
                0x0000000000000910       0x2d /opt/Atollic_TrueSTUDIO_for_STM32_x86_64_9.2.0/ARMTools/bin/../lib/gcc/arm-atollic-eabi/6.3.1/../../../../arm-atollic-eabi/lib/armv7-m/libnosys.a(getpid.o)
 .ARM.attributes
                0x000000000000093d       0x2d /opt/Atollic_TrueSTUDIO_for_STM32_x86_64_9.2.0/ARMTools/bin/../lib/gcc/arm-atollic-eabi/6.3.1/../../../../arm-atollic-eabi/lib/armv7-m/libnosys.a(kill.o)
 .ARM.attributes
                0x000000000000096a       0x2d /opt/Atollic_TrueSTUDIO_for_STM32_x86_64_9.2.0/ARMTools/bin/../lib/gcc/arm-atollic-eabi/6.3.1/../../../../arm-atollic-eabi/lib/armv7-m/libnosys.a(sbrk.o)
 .ARM.attributes
                0x0000000000000997       0x2d /opt/Atollic_TrueSTUDIO_for_STM32_x86_64_9.2.0/ARMTools/bin/../lib/gcc/arm-atollic-eabi/6.3.1/../../../../arm-atollic-eabi/lib/armv7-m/libnosys.a(_exit.o)
 .ARM.attributes
                0x00000000000009c4       0x1d /opt/Atollic_TrueSTUDIO_for_STM32_x86_64_9.2.0/ARMTools/bin/../lib/gcc/arm-atollic-eabi/6.3.1/armv7-m/crtn.o
OUTPUT(MKWM.elf elf32-littlearm)

.debug_info     0x0000000000000000    0x13e1f
 .debug_info    0x0000000000000000      0xfba Drivers/STM32F1xx_HAL_Driver/Src/stm32f1xx_hal.o
 .debug_info    0x0000000000000fba     0x1463 Drivers/STM32F1xx_HAL_Driver/Src/stm32f1xx_hal_cortex.o
 .debug_info    0x000000000000241d     0x1001 Drivers/STM32F1xx_HAL_Driver/Src/stm32f1xx_hal_dma.o
 .debug_info    0x000000000000341e      0xe7c Drivers/STM32F1xx_HAL_Driver/Src/stm32f1xx_hal_gpio.o
 .debug_info    0x000000000000429a     0x11f7 Drivers/STM32F1xx_HAL_Driver/Src/stm32f1xx_hal_rcc.o
 .debug_info    0x0000000000005491     0x3b73 Drivers/STM32F1xx_HAL_Driver/Src/stm32f1xx_hal_tim.o
 .debug_info    0x0000000000009004     0x1943 Drivers/STM32F1xx_HAL_Driver/Src/stm32f1xx_hal_tim_ex.o
 .debug_info    0x000000000000a947     0x1e00 Drivers/STM32F1xx_HAL_Driver/Src/stm32f1xx_hal_uart.o
 .debug_info    0x000000000000c747      0xce3 Src/Robot.o
 .debug_info    0x000000000000d42a      0xd00 Src/Servo.o
 .debug_info    0x000000000000e12a     0x1272 Src/UARTPCCOM.o
 .debug_info    0x000000000000f39c     0x1789 Src/main.o
 .debug_info    0x0000000000010b25     0x17ce Src/stm32f1xx_hal_msp.o
 .debug_info    0x00000000000122f3      0xec8 Src/stm32f1xx_it.o
 .debug_info    0x00000000000131bb      0xc07 Src/system_stm32f1xx.o
 .debug_info    0x0000000000013dc2       0x5d startup/startup_stm32f103xb.o

.debug_abbrev   0x0000000000000000     0x2bd4
 .debug_abbrev  0x0000000000000000      0x308 Drivers/STM32F1xx_HAL_Driver/Src/stm32f1xx_hal.o
 .debug_abbrev  0x0000000000000308      0x399 Drivers/STM32F1xx_HAL_Driver/Src/stm32f1xx_hal_cortex.o
 .debug_abbrev  0x00000000000006a1      0x29e Drivers/STM32F1xx_HAL_Driver/Src/stm32f1xx_hal_dma.o
 .debug_abbrev  0x000000000000093f      0x268 Drivers/STM32F1xx_HAL_Driver/Src/stm32f1xx_hal_gpio.o
 .debug_abbrev  0x0000000000000ba7      0x367 Drivers/STM32F1xx_HAL_Driver/Src/stm32f1xx_hal_rcc.o
 .debug_abbrev  0x0000000000000f0e      0x3bb Drivers/STM32F1xx_HAL_Driver/Src/stm32f1xx_hal_tim.o
 .debug_abbrev  0x00000000000012c9      0x30d Drivers/STM32F1xx_HAL_Driver/Src/stm32f1xx_hal_tim_ex.o
 .debug_abbrev  0x00000000000015d6      0x364 Drivers/STM32F1xx_HAL_Driver/Src/stm32f1xx_hal_uart.o
 .debug_abbrev  0x000000000000193a      0x317 Src/Robot.o
 .debug_abbrev  0x0000000000001c51      0x2ee Src/Servo.o
 .debug_abbrev  0x0000000000001f3f      0x350 Src/UARTPCCOM.o
 .debug_abbrev  0x000000000000228f      0x2bc Src/main.o
 .debug_abbrev  0x000000000000254b      0x298 Src/stm32f1xx_hal_msp.o
 .debug_abbrev  0x00000000000027e3      0x1f4 Src/stm32f1xx_it.o
 .debug_abbrev  0x00000000000029d7      0x1eb Src/system_stm32f1xx.o
 .debug_abbrev  0x0000000000002bc2       0x12 startup/startup_stm32f103xb.o

.debug_loc      0x0000000000000000     0x606d
 .debug_loc     0x0000000000000000      0x11b Drivers/STM32F1xx_HAL_Driver/Src/stm32f1xx_hal.o
 .debug_loc     0x000000000000011b      0x46b Drivers/STM32F1xx_HAL_Driver/Src/stm32f1xx_hal_cortex.o
 .debug_loc     0x0000000000000586      0x5d1 Drivers/STM32F1xx_HAL_Driver/Src/stm32f1xx_hal_dma.o
 .debug_loc     0x0000000000000b57      0x36a Drivers/STM32F1xx_HAL_Driver/Src/stm32f1xx_hal_gpio.o
 .debug_loc     0x0000000000000ec1      0x4c3 Drivers/STM32F1xx_HAL_Driver/Src/stm32f1xx_hal_rcc.o
 .debug_loc     0x0000000000001384     0x300c Drivers/STM32F1xx_HAL_Driver/Src/stm32f1xx_hal_tim.o
 .debug_loc     0x0000000000004390      0x822 Drivers/STM32F1xx_HAL_Driver/Src/stm32f1xx_hal_tim_ex.o
 .debug_loc     0x0000000000004bb2     0x1311 Drivers/STM32F1xx_HAL_Driver/Src/stm32f1xx_hal_uart.o
 .debug_loc     0x0000000000005ec3       0xdd Src/stm32f1xx_hal_msp.o
 .debug_loc     0x0000000000005fa0       0xcd Src/system_stm32f1xx.o

.debug_aranges  0x0000000000000000      0x9a8
 .debug_aranges
                0x0000000000000000       0xc8 Drivers/STM32F1xx_HAL_Driver/Src/stm32f1xx_hal.o
 .debug_aranges
                0x00000000000000c8       0x90 Drivers/STM32F1xx_HAL_Driver/Src/stm32f1xx_hal_cortex.o
 .debug_aranges
                0x0000000000000158       0x78 Drivers/STM32F1xx_HAL_Driver/Src/stm32f1xx_hal_dma.o
 .debug_aranges
                0x00000000000001d0       0x58 Drivers/STM32F1xx_HAL_Driver/Src/stm32f1xx_hal_gpio.o
 .debug_aranges
                0x0000000000000228       0x88 Drivers/STM32F1xx_HAL_Driver/Src/stm32f1xx_hal_rcc.o
 .debug_aranges
                0x00000000000002b0      0x250 Drivers/STM32F1xx_HAL_Driver/Src/stm32f1xx_hal_tim.o
 .debug_aranges
                0x0000000000000500       0xe8 Drivers/STM32F1xx_HAL_Driver/Src/stm32f1xx_hal_tim_ex.o
 .debug_aranges
                0x00000000000005e8      0x170 Drivers/STM32F1xx_HAL_Driver/Src/stm32f1xx_hal_uart.o
 .debug_aranges
                0x0000000000000758       0x48 Src/Robot.o
 .debug_aranges
                0x00000000000007a0       0x50 Src/Servo.o
 .debug_aranges
                0x00000000000007f0       0x60 Src/UARTPCCOM.o
 .debug_aranges
                0x0000000000000850       0x68 Src/main.o
 .debug_aranges
                0x00000000000008b8       0x48 Src/stm32f1xx_hal_msp.o
 .debug_aranges
                0x0000000000000900       0x58 Src/stm32f1xx_it.o
 .debug_aranges
                0x0000000000000958       0x28 Src/system_stm32f1xx.o
 .debug_aranges
                0x0000000000000980       0x28 startup/startup_stm32f103xb.o

.debug_ranges   0x0000000000000000      0xb98
 .debug_ranges  0x0000000000000000       0xb8 Drivers/STM32F1xx_HAL_Driver/Src/stm32f1xx_hal.o
 .debug_ranges  0x00000000000000b8      0x128 Drivers/STM32F1xx_HAL_Driver/Src/stm32f1xx_hal_cortex.o
 .debug_ranges  0x00000000000001e0       0xa8 Drivers/STM32F1xx_HAL_Driver/Src/stm32f1xx_hal_dma.o
 .debug_ranges  0x0000000000000288       0x60 Drivers/STM32F1xx_HAL_Driver/Src/stm32f1xx_hal_gpio.o
 .debug_ranges  0x00000000000002e8       0xa0 Drivers/STM32F1xx_HAL_Driver/Src/stm32f1xx_hal_rcc.o
 .debug_ranges  0x0000000000000388      0x340 Drivers/STM32F1xx_HAL_Driver/Src/stm32f1xx_hal_tim.o
 .debug_ranges  0x00000000000006c8       0xd8 Drivers/STM32F1xx_HAL_Driver/Src/stm32f1xx_hal_tim_ex.o
 .debug_ranges  0x00000000000007a0      0x190 Drivers/STM32F1xx_HAL_Driver/Src/stm32f1xx_hal_uart.o
 .debug_ranges  0x0000000000000930       0x38 Src/Robot.o
 .debug_ranges  0x0000000000000968       0x40 Src/Servo.o
 .debug_ranges  0x00000000000009a8       0x50 Src/UARTPCCOM.o
 .debug_ranges  0x00000000000009f8       0x58 Src/main.o
 .debug_ranges  0x0000000000000a50       0xc8 Src/stm32f1xx_hal_msp.o
 .debug_ranges  0x0000000000000b18       0x48 Src/stm32f1xx_it.o
 .debug_ranges  0x0000000000000b60       0x18 Src/system_stm32f1xx.o
 .debug_ranges  0x0000000000000b78       0x20 startup/startup_stm32f103xb.o

.debug_line     0x0000000000000000     0x544d
 .debug_line    0x0000000000000000      0x43e Drivers/STM32F1xx_HAL_Driver/Src/stm32f1xx_hal.o
 .debug_line    0x000000000000043e      0x411 Drivers/STM32F1xx_HAL_Driver/Src/stm32f1xx_hal_cortex.o
 .debug_line    0x000000000000084f      0x678 Drivers/STM32F1xx_HAL_Driver/Src/stm32f1xx_hal_dma.o
 .debug_line    0x0000000000000ec7      0x42a Drivers/STM32F1xx_HAL_Driver/Src/stm32f1xx_hal_gpio.o
 .debug_line    0x00000000000012f1      0x612 Drivers/STM32F1xx_HAL_Driver/Src/stm32f1xx_hal_rcc.o
 .debug_line    0x0000000000001903     0x112b Drivers/STM32F1xx_HAL_Driver/Src/stm32f1xx_hal_tim.o
 .debug_line    0x0000000000002a2e      0x6cd Drivers/STM32F1xx_HAL_Driver/Src/stm32f1xx_hal_tim_ex.o
 .debug_line    0x00000000000030fb      0xc24 Drivers/STM32F1xx_HAL_Driver/Src/stm32f1xx_hal_uart.o
 .debug_line    0x0000000000003d1f      0x2ad Src/Robot.o
 .debug_line    0x0000000000003fcc      0x2e9 Src/Servo.o
 .debug_line    0x00000000000042b5      0x361 Src/UARTPCCOM.o
 .debug_line    0x0000000000004616      0x418 Src/main.o
 .debug_line    0x0000000000004a2e      0x3f7 Src/stm32f1xx_hal_msp.o
 .debug_line    0x0000000000004e25      0x344 Src/stm32f1xx_it.o
 .debug_line    0x0000000000005169      0x267 Src/system_stm32f1xx.o
 .debug_line    0x00000000000053d0       0x7d startup/startup_stm32f103xb.o

.debug_str      0x0000000000000000     0x3ab0
 .debug_str     0x0000000000000000      0xb6f Drivers/STM32F1xx_HAL_Driver/Src/stm32f1xx_hal.o
                                        0xc53 (size before relaxing)
 .debug_str     0x0000000000000b6f      0x2d7 Drivers/STM32F1xx_HAL_Driver/Src/stm32f1xx_hal_cortex.o
                                        0xd01 (size before relaxing)
 .debug_str     0x0000000000000e46      0x39b Drivers/STM32F1xx_HAL_Driver/Src/stm32f1xx_hal_dma.o
                                        0xa65 (size before relaxing)
 .debug_str     0x00000000000011e1      0x1a5 Drivers/STM32F1xx_HAL_Driver/Src/stm32f1xx_hal_gpio.o
                                        0x86e (size before relaxing)
 .debug_str     0x0000000000001386      0x2e2 Drivers/STM32F1xx_HAL_Driver/Src/stm32f1xx_hal_rcc.o
                                        0xa4c (size before relaxing)
 .debug_str     0x0000000000001668      0xe85 Drivers/STM32F1xx_HAL_Driver/Src/stm32f1xx_hal_tim.o
                                       0x179d (size before relaxing)
 .debug_str     0x00000000000024ed      0x4d9 Drivers/STM32F1xx_HAL_Driver/Src/stm32f1xx_hal_tim_ex.o
                                       0x103f (size before relaxing)
 .debug_str     0x00000000000029c6      0x68e Drivers/STM32F1xx_HAL_Driver/Src/stm32f1xx_hal_uart.o
                                        0xfb6 (size before relaxing)
 .debug_str     0x0000000000003054      0x24c Src/Robot.o
                                        0x7b3 (size before relaxing)
 .debug_str     0x00000000000032a0      0x177 Src/Servo.o
                                        0x857 (size before relaxing)
 .debug_str     0x0000000000003417      0x305 Src/UARTPCCOM.o
                                        0xcf7 (size before relaxing)
 .debug_str     0x000000000000371c      0x24b Src/main.o
                                       0x1487 (size before relaxing)
 .debug_str     0x0000000000003967       0x39 Src/stm32f1xx_hal_msp.o
                                       0x1078 (size before relaxing)
 .debug_str     0x00000000000039a0       0xc3 Src/stm32f1xx_it.o
                                        0xadd (size before relaxing)
 .debug_str     0x0000000000003a63       0x4d Src/system_stm32f1xx.o
                                        0x6d7 (size before relaxing)

.comment        0x0000000000000000       0x7c
 .comment       0x0000000000000000       0x7c Drivers/STM32F1xx_HAL_Driver/Src/stm32f1xx_hal.o
                                         0x7d (size before relaxing)
 .comment       0x000000000000007c       0x7d Drivers/STM32F1xx_HAL_Driver/Src/stm32f1xx_hal_cortex.o
 .comment       0x000000000000007c       0x7d Drivers/STM32F1xx_HAL_Driver/Src/stm32f1xx_hal_dma.o
 .comment       0x000000000000007c       0x7d Drivers/STM32F1xx_HAL_Driver/Src/stm32f1xx_hal_gpio.o
 .comment       0x000000000000007c       0x7d Drivers/STM32F1xx_HAL_Driver/Src/stm32f1xx_hal_rcc.o
 .comment       0x000000000000007c       0x7d Drivers/STM32F1xx_HAL_Driver/Src/stm32f1xx_hal_tim.o
 .comment       0x000000000000007c       0x7d Drivers/STM32F1xx_HAL_Driver/Src/stm32f1xx_hal_tim_ex.o
 .comment       0x000000000000007c       0x7d Drivers/STM32F1xx_HAL_Driver/Src/stm32f1xx_hal_uart.o
 .comment       0x000000000000007c       0x7d Src/Robot.o
 .comment       0x000000000000007c       0x7d Src/Servo.o
 .comment       0x000000000000007c       0x7d Src/UARTPCCOM.o
 .comment       0x000000000000007c       0x7d Src/main.o