stm32f1xx_it.c:60:6:SysTick_Handler	8	static
stm32f1xx_it.c:82:6:DMA1_Channel1_IRQHandler	0	static
stm32f1xx_it.c:96:6:DMA1_Channel2_IRQHandler	0	static
stm32f1xx_it.c:110:6:DMA1_Channel3_IRQHandler	0	static
stm32f1xx_it.c:124:6:DMA1_Channel6_IRQHandler	0	static
stm32f1xx_it.c:138:6:DMA1_Channel7_IRQHandler	0	static
stm32f1xx_it.c:152:6:ADC1_2_IRQHandler	0	static
stm32f1xx_it.c:166:6:TIM2_IRQHandler	0	static
stm32f1xx_it.c:180:6:USART2_IRQHandler	0	static
stm32f1xx_it.c:194:6:USART3_IRQHandler	0	static
stm32f1xx_it.c:207:6:EXTI15_10_IRQHandler	0	static
